Component: ARM Compiler 5.06 update 5 (build 528) Tool: armlink [4d35e2]

==============================================================================

Section Cross References

    startup_stm32f10x_hd.o(RESET) refers to startup_stm32f10x_hd.o(STACK) for __initial_sp
    startup_stm32f10x_hd.o(RESET) refers to startup_stm32f10x_hd.o(.text) for Reset_Handler
    startup_stm32f10x_hd.o(RESET) refers to stm32f10x_it.o(i.NMI_Handler) for NMI_Handler
    startup_stm32f10x_hd.o(RESET) refers to stm32f10x_it.o(i.HardFault_Handler) for HardFault_Handler
    startup_stm32f10x_hd.o(RESET) refers to stm32f10x_it.o(i.MemManage_Handler) for MemManage_Handler
    startup_stm32f10x_hd.o(RESET) refers to stm32f10x_it.o(i.BusFault_Handler) for BusFault_Handler
    startup_stm32f10x_hd.o(RESET) refers to stm32f10x_it.o(i.UsageFault_Handler) for UsageFault_Handler
    startup_stm32f10x_hd.o(RESET) refers to port.o(.emb_text) for SVC_Handler
    startup_stm32f10x_hd.o(RESET) refers to stm32f10x_it.o(i.DebugMon_Handler) for DebugMon_Handler
    startup_stm32f10x_hd.o(RESET) refers to stm32f10x_it.o(i.SysTick_Handler) for SysTick_Handler
    startup_stm32f10x_hd.o(.text) refers to system_stm32f10x.o(i.SystemInit) for SystemInit
    startup_stm32f10x_hd.o(.text) refers to entry.o(.ARM.Collect$$$$00000000) for __main
    system_stm32f10x.o(i.SetSysClock) refers to system_stm32f10x.o(i.SetSysClockTo72) for SetSysClockTo72
    system_stm32f10x.o(i.SystemCoreClockUpdate) refers to system_stm32f10x.o(.data) for SystemCoreClock
    system_stm32f10x.o(i.SystemInit) refers to system_stm32f10x.o(i.SetSysClock) for SetSysClock
    stm32f10x_adc.o(i.ADC_DeInit) refers to stm32f10x_rcc.o(i.RCC_APB2PeriphResetCmd) for RCC_APB2PeriphResetCmd
    stm32f10x_bkp.o(i.BKP_DeInit) refers to stm32f10x_rcc.o(i.RCC_BackupResetCmd) for RCC_BackupResetCmd
    stm32f10x_can.o(i.CAN_DeInit) refers to stm32f10x_rcc.o(i.RCC_APB1PeriphResetCmd) for RCC_APB1PeriphResetCmd
    stm32f10x_can.o(i.CAN_GetITStatus) refers to stm32f10x_can.o(i.CheckITStatus) for CheckITStatus
    stm32f10x_cec.o(i.CEC_DeInit) refers to stm32f10x_rcc.o(i.RCC_APB1PeriphResetCmd) for RCC_APB1PeriphResetCmd
    stm32f10x_dac.o(i.DAC_DeInit) refers to stm32f10x_rcc.o(i.RCC_APB1PeriphResetCmd) for RCC_APB1PeriphResetCmd
    stm32f10x_flash.o(i.FLASH_EnableWriteProtection) refers to stm32f10x_flash.o(i.FLASH_WaitForLastOperation) for FLASH_WaitForLastOperation
    stm32f10x_flash.o(i.FLASH_EraseAllBank1Pages) refers to stm32f10x_flash.o(i.FLASH_WaitForLastBank1Operation) for FLASH_WaitForLastBank1Operation
    stm32f10x_flash.o(i.FLASH_EraseAllPages) refers to stm32f10x_flash.o(i.FLASH_WaitForLastOperation) for FLASH_WaitForLastOperation
    stm32f10x_flash.o(i.FLASH_EraseOptionBytes) refers to stm32f10x_flash.o(i.FLASH_GetReadOutProtectionStatus) for FLASH_GetReadOutProtectionStatus
    stm32f10x_flash.o(i.FLASH_EraseOptionBytes) refers to stm32f10x_flash.o(i.FLASH_WaitForLastOperation) for FLASH_WaitForLastOperation
    stm32f10x_flash.o(i.FLASH_ErasePage) refers to stm32f10x_flash.o(i.FLASH_WaitForLastOperation) for FLASH_WaitForLastOperation
    stm32f10x_flash.o(i.FLASH_ProgramHalfWord) refers to stm32f10x_flash.o(i.FLASH_WaitForLastOperation) for FLASH_WaitForLastOperation
    stm32f10x_flash.o(i.FLASH_ProgramOptionByteData) refers to stm32f10x_flash.o(i.FLASH_WaitForLastOperation) for FLASH_WaitForLastOperation
    stm32f10x_flash.o(i.FLASH_ProgramWord) refers to stm32f10x_flash.o(i.FLASH_WaitForLastOperation) for FLASH_WaitForLastOperation
    stm32f10x_flash.o(i.FLASH_ReadOutProtection) refers to stm32f10x_flash.o(i.FLASH_WaitForLastOperation) for FLASH_WaitForLastOperation
    stm32f10x_flash.o(i.FLASH_UserOptionByteConfig) refers to stm32f10x_flash.o(i.FLASH_WaitForLastOperation) for FLASH_WaitForLastOperation
    stm32f10x_flash.o(i.FLASH_WaitForLastBank1Operation) refers to stm32f10x_flash.o(i.FLASH_GetBank1Status) for FLASH_GetBank1Status
    stm32f10x_flash.o(i.FLASH_WaitForLastOperation) refers to stm32f10x_flash.o(i.FLASH_GetBank1Status) for FLASH_GetBank1Status
    stm32f10x_gpio.o(i.GPIO_AFIODeInit) refers to stm32f10x_rcc.o(i.RCC_APB2PeriphResetCmd) for RCC_APB2PeriphResetCmd
    stm32f10x_gpio.o(i.GPIO_DeInit) refers to stm32f10x_rcc.o(i.RCC_APB2PeriphResetCmd) for RCC_APB2PeriphResetCmd
    stm32f10x_i2c.o(i.I2C_DeInit) refers to stm32f10x_rcc.o(i.RCC_APB1PeriphResetCmd) for RCC_APB1PeriphResetCmd
    stm32f10x_i2c.o(i.I2C_Init) refers to stm32f10x_rcc.o(i.RCC_GetClocksFreq) for RCC_GetClocksFreq
    stm32f10x_pwr.o(i.PWR_DeInit) refers to stm32f10x_rcc.o(i.RCC_APB1PeriphResetCmd) for RCC_APB1PeriphResetCmd
    stm32f10x_rcc.o(i.RCC_GetClocksFreq) refers to stm32f10x_rcc.o(.data) for APBAHBPrescTable
    stm32f10x_rcc.o(i.RCC_WaitForHSEStartUp) refers to stm32f10x_rcc.o(i.RCC_GetFlagStatus) for RCC_GetFlagStatus
    stm32f10x_rtc.o(i.RTC_SetAlarm) refers to stm32f10x_rtc.o(i.RTC_EnterConfigMode) for RTC_EnterConfigMode
[...]
    .text                                    0x08000248   Section        0  strcpy.o(.text)
    .text                                    0x0800025a   Section        0  fdiv.o(.text)
    .text                                    0x080002d6   Section        0  ffltui.o(.text)
    .text                                    0x080002e0   Section       20  cfcmple.o(.text)
    .text                                    0x080002f4   Section        0  uidiv.o(.text)
    .text                                    0x08000320   Section        0  uldiv.o(.text)
    .text                                    0x08000382   Section        0  fepilogue.o(.text)
    .text                                    0x08000382   Section        0  iusefp.o(.text)
    .text                                    0x080003f0   Section        0  dadd.o(.text)
    .text                                    0x0800053e   Section        0  dmul.o(.text)
    .text                                    0x08000622   Section        0  ddiv.o(.text)
    .text                                    0x08000700   Section        0  dfixul.o(.text)
    .text                                    0x08000730   Section       48  cdrcmple.o(.text)
    .text                                    0x08000760   Section       36  init.o(.text)
    .text                                    0x08000784   Section        0  llshl.o(.text)
    .text                                    0x080007a2   Section        0  llushr.o(.text)
    .text                                    0x080007c2   Section        0  llsshr.o(.text)
    .text                                    0x080007e6   Section        0  depilogue.o(.text)
    .text                                    0x080008a0   Section        0  __dczerorl2.o(.text)
    i.BCD_DEC                                0x080008f6   Section        0  ds3231.o(i.BCD_DEC)
    i.BusFault_Handler                       0x0800090e   Section        0  stm32f10x_it.o(i.BusFault_Handler)
    i.DS3231_GetTime                         0x08000912   Section        0  ds3231.o(i.DS3231_GetTime)
    i.DS3231_Init                            0x080009a6   Section        0  ds3231.o(i.DS3231_Init)
    i.DS3231_ReadReg                         0x080009b6   Section        0  ds3231.o(i.DS3231_ReadReg)
    i.DS3231_WriteReg                        0x080009f4   Section        0  ds3231.o(i.DS3231_WriteReg)
    i.DebugMon_Handler                       0x08000a22   Section        0  stm32f10x_it.o(i.DebugMon_Handler)
    i.Delay_ms                               0x08000a24   Section        0  delay.o(i.Delay_ms)
    i.Delay_us                               0x08000a3e   Section        0  delay.o(i.Delay_us)
    i.Display_Choice                         0x08000a4c   Section        0  display.o(i.Display_Choice)
    i.Display_Menu                           0x08000ab8   Section        0  tasks_1.o(i.Display_Menu)
    i.Display_Root                           0x08000c48   Section        0  tasks_1.o(i.Display_Root)
    i.GPIO_Init                              0x08000ddc   Section        0  stm32f10x_gpio.o(i.GPIO_Init)
    i.GPIO_PinRemapConfig                    0x08000ef4   Section        0  stm32f10x_gpio.o(i.GPIO_PinRemapConfig)
    i.GPIO_ReadInputDataBit                  0x08000f84   Section        0  stm32f10x_gpio.o(i.GPIO_ReadInputDataBit)
    i.GPIO_ResetBits                         0x08000f96   Section        0  stm32f10x_gpio.o(i.GPIO_ResetBits)
    i.GPIO_SetBits                           0x08000f9a   Section        0  stm32f10x_gpio.o(i.GPIO_SetBits)
    i.GPIO_WriteBit                          0x08000f9e   Section        0  stm32f10x_gpio.o(i.GPIO_WriteBit)
    i.GetTick                                0x08000fa8   Section        0  systick.o(i.GetTick)
    i.HardFault_Handler                      0x08000fb0   Section        0  stm32f10x_it.o(i.HardFault_Handler)
    i.Keypad_Init                            0x08000fb4   Section        0  keypad.o(i.Keypad_Init)
    i.Keypad_Scan                            0x08000ff0   Section        0  keypad.o(i.Keypad_Scan)
    i.LCD_Clear                              0x0800111c   Section        0  lcd_spi_154.o(i.LCD_Clear)
    i.LCD_Delay                              0x080011dc   Section        0  lcd_spi_154.o(i.LCD_Delay)
    i.LCD_DisplayChar                        0x08001208   Section        0  lcd_spi_154.o(i.LCD_DisplayChar)
    i.LCD_DisplayString                      0x080012ec   Section        0  lcd_spi_154.o(i.LCD_DisplayString)
    i.LCD_DrawImage                          0x08001324   Section        0  lcd_spi_154.o(i.LCD_DrawImage)
    i.LCD_FillRect                           0x08001458   Section        0  lcd_spi_154.o(i.LCD_FillRect)
    i.LCD_GPIO_Config                        0x08001520   Section        0  lcd_spi_154.o(i.LCD_GPIO_Config)
    i.LCD_SPI_Config                         0x080015d4   Section        0  lcd_spi_154.o(i.LCD_SPI_Config)
    i.LCD_SetAddress                         0x08001630   Section        0  lcd_spi_154.o(i.LCD_SetAddress)
    i.LCD_SetAsciiFont                       0x080016b0   Section        0  lcd_spi_154.o(i.LCD_SetAsciiFont)
    i.LCD_SetBackColor                       0x080016bc   Section        0  lcd_spi_154.o(i.LCD_SetBackColor)
    i.LCD_SetColor                           0x080016e4   Section        0  lcd_spi_154.o(i.LCD_SetColor)
    i.LCD_SetDirection                       0x0800170c   Section        0  lcd_spi_154.o(i.LCD_SetDirection)
    i.LCD_ShowNumMode                        0x080017c4   Section        0  lcd_spi_154.o(i.LCD_ShowNumMode)
    i.LCD_Sleep                              0x080017d0   Section        0  lcd_spi_154.o(i.LCD_Sleep)
    i.LCD_WakeUp                             0x08001800   Section        0  lcd_spi_154.o(i.LCD_WakeUp)
    i.LCD_WriteBuff                          0x08001838   Section        0  lcd_spi_154.o(i.LCD_WriteBuff)
    i.LCD_WriteCommand                       0x080018d4   Section        0  lcd_spi_154.o(i.LCD_WriteCommand)
    i.LCD_WriteData_16bit                    0x08001928   Section        0  lcd_spi_154.o(i.LCD_WriteData_16bit)
    i.LCD_WriteData_8bit                     0x08001958   Section        0  lcd_spi_154.o(i.LCD_WriteData_8bit)
    i.MPU6050_GetData                        0x08001974   Section        0  mpu6050.o(i.MPU6050_GetData)
    i.MPU6050_I2C_Init                       0x08001a20   Section        0  mpu6050.o(i.MPU6050_I2C_Init)
    i.MPU6050_Init                           0x08001a58   Section        0  mpu6050.o(i.MPU6050_Init)
    i.MPU6050_R_SDA                          0x08001a90   Section        0  mpu6050.o(i.MPU6050_R_SDA)
    i.MPU6050_ReadReg                        0x08001aac   Section        0  mpu6050.o(i.MPU6050_ReadReg)
    i.MPU6050_ReceiveAck                     0x08001aea   Section        0  mpu6050.o(i.MPU6050_ReceiveAck)
    i.MPU6050_ReceiveByte                    0x08001b08   Section        0  mpu6050.o(i.MPU6050_ReceiveByte)
    i.MPU6050_SendAck                        0x08001b3c   Section        0  mpu6050.o(i.MPU6050_SendAck)
    i.MPU6050_SendByte                       0x08001b54   Section        0  mpu6050.o(i.MPU6050_SendByte)
    i.MPU6050_Start                          0x08001b7e   Section        0  mpu6050.o(i.MPU6050_Start)
    i.MPU6050_Stop                           0x08001b9a   Section        0  mpu6050.o(i.MPU6050_Stop)
    i.MPU6050_W_SCL                          0x08001bb0   Section        0  mpu6050.o(i.MPU6050_W_SCL)
    i.MPU6050_W_SDA                          0x08001bcc   Section        0  mpu6050.o(i.MPU6050_W_SDA)
    i.MPU6050_WriteReg                       0x08001be8   Section        0  mpu6050.o(i.MPU6050_WriteReg)
    i.MemManage_Handler                      0x08001c16   Section        0  stm32f10x_it.o(i.MemManage_Handler)
    i.MyI2C_Init                             0x08001c1c   Section        0  myi2c.o(i.MyI2C_Init)
    i.MyI2C_R_SDA                            0x08001c4c   Section        0  myi2c.o(i.MyI2C_R_SDA)
    i.MyI2C_ReceiveAck                       0x08001c68   Section        0  myi2c.o(i.MyI2C_ReceiveAck)
    i.MyI2C_ReceiveByte                      0x08001c86   Section        0  myi2c.o(i.MyI2C_ReceiveByte)
    i.MyI2C_SendAck                          0x08001cba   Section        0  myi2c.o(i.MyI2C_SendAck)
    i.MyI2C_SendByte                         0x08001cd2   Section        0  myi2c.o(i.MyI2C_SendByte)
    i.MyI2C_Start                            0x08001cfc   Section        0  myi2c.o(i.MyI2C_Start)
    i.MyI2C_Stop                             0x08001d18   Section        0  myi2c.o(i.MyI2C_Stop)
    i.MyI2C_W_SCL                            0x08001d30   Section        0  myi2c.o(i.MyI2C_W_SCL)
    i.MyI2C_W_SDA                            0x08001d4c   Section        0  myi2c.o(i.MyI2C_W_SDA)
    i.NMI_Handler                            0x08001d68   Section        0  stm32f10x_it.o(i.NMI_Handler)
    i.NVIC_Configuration                     0x08001d6a   Section        0  usart.o(i.NVIC_Configuration)
    NVIC_Configuration                       0x08001d6b   Thumb Code    38  usart.o(i.NVIC_Configuration)
    i.NVIC_Init                              0x08001d90   Section        0  misc.o(i.NVIC_Init)
    i.NVIC_PriorityGroupConfig               0x08001e00   Section        0  misc.o(i.NVIC_PriorityGroupConfig)
    i.RCC_APB1PeriphClockCmd                 0x08001e14   Section        0  stm32f10x_rcc.o(i.RCC_APB1PeriphClockCmd)
    i.RCC_APB2PeriphClockCmd                 0x08001e34   Section        0  stm32f10x_rcc.o(i.RCC_APB2PeriphClockCmd)
    i.RCC_GetClocksFreq                      0x08001e54   Section        0  stm32f10x_rcc.o(i.RCC_GetClocksFreq)
    i.Read_Gyro                              0x08001f28   Section        0  tasks_1.o(i.Read_Gyro)
    i.Root_Motion                            0x08001fe4   Section        0  display.o(i.Root_Motion)
    i.SPI_Cmd                                0x08002124   Section        0  stm32f10x_spi.o(i.SPI_Cmd)
    i.SPI_Init                               0x0800213c   Section        0  stm32f10x_spi.o(i.SPI_Init)
    i.SPI_LCD_Init                           0x08002178   Section        0  lcd_spi_154.o(i.SPI_LCD_Init)
    i.Select                                 0x08002348   Section        0  menu.o(i.Select)
    i.SetSysClock                            0x080023c8   Section        0  system_stm32f10x.o(i.SetSysClock)
    SetSysClock                              0x080023c9   Thumb Code     8  system_stm32f10x.o(i.SetSysClock)
    i.SetSysClockTo72                        0x080023d0   Section        0  system_stm32f10x.o(i.SetSysClockTo72)
    SetSysClockTo72                          0x080023d1   Thumb Code   214  system_stm32f10x.o(i.SetSysClockTo72)
    i.Start_Task                             0x080024b0   Section        0  tasks_1.o(i.Start_Task)
    i.SysTick_Handler                        0x08002568   Section        0  stm32f10x_it.o(i.SysTick_Handler)
    i.SysTick_Init                           0x08002578   Section        0  systick.o(i.SysTick_Init)
    i.SystemInit                             0x0800257c   Section        0  system_stm32f10x.o(i.SystemInit)
    i.TimeUpdate                             0x080025dc   Section        0  tasks_1.o(i.TimeUpdate)
    i.USART_Cmd                              0x0800267c   Section        0  stm32f10x_usart.o(i.USART_Cmd)
    i.USART_Config                           0x08002694   Section        0  usart.o(i.USART_Config)
    i.USART_GetFlagStatus                    0x08002724   Section        0  stm32f10x_usart.o(i.USART_GetFlagStatus)
    i.USART_ITConfig                         0x0800273e   Section        0  stm32f10x_usart.o(i.USART_ITConfig)
    i.USART_Init                             0x08002788   Section        0  stm32f10x_usart.o(i.USART_Init)
    i.USART_SendData                         0x08002860   Section        0  stm32f10x_usart.o(i.USART_SendData)
    i.UsageFault_Handler                     0x08002868   Section        0  stm32f10x_it.o(i.UsageFault_Handler)
    i.__0printf                              0x0800286c   Section        0  printfa.o(i.__0printf)
    i.__0snprintf                            0x0800288c   Section        0  printfa.o(i.__0snprintf)
    i.__scatterload_copy                     0x080028bc   Section       14  handlers.o(i.__scatterload_copy)
    i.__scatterload_null                     0x080028ca   Section        2  handlers.o(i.__scatterload_null)
    i.__scatterload_zeroinit                 0x080028cc   Section       14  handlers.o(i.__scatterload_zeroinit)
    i._fp_digits                             0x080028dc   Section        0  printfa.o(i._fp_digits)
    _fp_digits                               0x080028dd   Thumb Code   366  printfa.o(i._fp_digits)
    i._printf_core                           0x08002a60   Section        0  printfa.o(i._printf_core)
    _printf_core                             0x08002a61   Thumb Code  1744  printfa.o(i._printf_core)
    i._printf_post_padding                   0x0800313c   Section        0  printfa.o(i._printf_post_padding)
    _printf_post_padding                     0x0800313d   Thumb Code    36  printfa.o(i._printf_post_padding)
    i._printf_pre_padding                    0x08003160   Section        0  printfa.o(i._printf_pre_padding)
    _printf_pre_padding                      0x08003161   Thumb Code    46  printfa.o(i._printf_pre_padding)
    i._snputc                                0x0800318e   Section        0  printfa.o(i._snputc)
    _snputc                                  0x0800318f   Thumb Code    22  printfa.o(i._snputc)
    i.eTaskConfirmSleepModeStatus            0x080031a4   Section        0  tasks.o(i.eTaskConfirmSleepModeStatus)
    i.eTaskGetState                          0x080031e0   Section        0  tasks.o(i.eTaskGetState)
    i.fputc                                  0x0800324c   Section        0  usart.o(i.fputc)
    i.main                                   0x08003270   Section        0  main.o(i.main)
    i.prvAddCurrentTaskToDelayedList         0x080033a4   Section        0  tasks.o(i.prvAddCurrentTaskToDelayedList)
    prvAddCurrentTaskToDelayedList           0x080033a5   Thumb Code   124  tasks.o(i.prvAddCurrentTaskToDelayedList)
    i.prvAddNewTaskToReadyList               0x0800343c   Section        0  tasks.o(i.prvAddNewTaskToReadyList)
    prvAddNewTaskToReadyList                 0x0800343d   Thumb Code   156  tasks.o(i.prvAddNewTaskToReadyList)
    i.prvCheckTasksWaitingTermination        0x080034f4   Section        0  tasks.o(i.prvCheckTasksWaitingTermination)
    prvCheckTasksWaitingTermination          0x080034f5   Thumb Code    86  tasks.o(i.prvCheckTasksWaitingTermination)
    i.prvCopyDataFromQueue                   0x08003558   Section        0  queue.o(i.prvCopyDataFromQueue)
    prvCopyDataFromQueue                     0x08003559   Thumb Code    42  queue.o(i.prvCopyDataFromQueue)
    i.prvCopyDataToQueue                     0x08003582   Section        0  queue.o(i.prvCopyDataToQueue)
    prvCopyDataToQueue                       0x08003583   Thumb Code   124  queue.o(i.prvCopyDataToQueue)
    i.prvDeleteTCB                           0x080035fe   Section        0  tasks.o(i.prvDeleteTCB)
    prvDeleteTCB                             0x080035ff   Thumb Code    18  tasks.o(i.prvDeleteTCB)
    i.prvGetExpectedIdleTime                 0x08003610   Section        0  tasks.o(i.prvGetExpectedIdleTime)
    prvGetExpectedIdleTime                   0x08003611   Thumb Code    56  tasks.o(i.prvGetExpectedIdleTime)
    i.prvHeapInit                            0x0800365c   Section        0  heap_4.o(i.prvHeapInit)
    prvHeapInit                              0x0800365d   Thumb Code    98  heap_4.o(i.prvHeapInit)
    i.prvIdleTask                            0x080036d8   Section        0  tasks.o(i.prvIdleTask)
    prvIdleTask                              0x080036d9   Thumb Code    66  tasks.o(i.prvIdleTask)
    i.prvInitialiseMutex                     0x08003724   Section        0  queue.o(i.prvInitialiseMutex)
    prvInitialiseMutex                       0x08003725   Thumb Code    28  queue.o(i.prvInitialiseMutex)
    i.prvInitialiseNewQueue                  0x08003740   Section        0  queue.o(i.prvInitialiseNewQueue)
    prvInitialiseNewQueue                    0x08003741   Thumb Code    42  queue.o(i.prvInitialiseNewQueue)
    i.prvInitialiseNewTask                   0x0800376a   Section        0  tasks.o(i.prvInitialiseNewTask)
    prvInitialiseNewTask                     0x0800376b   Thumb Code   144  tasks.o(i.prvInitialiseNewTask)
    i.prvInitialiseTaskLists                 0x080037fc   Section        0  tasks.o(i.prvInitialiseTaskLists)
    prvInitialiseTaskLists                   0x080037fd   Thumb Code    70  tasks.o(i.prvInitialiseTaskLists)
    i.prvInsertBlockIntoFreeList             0x08003864   Section        0  heap_4.o(i.prvInsertBlockIntoFreeList)
    prvInsertBlockIntoFreeList               0x08003865   Thumb Code    96  heap_4.o(i.prvInsertBlockIntoFreeList)
    i.prvIsQueueEmpty                        0x080038cc   Section        0  queue.o(i.prvIsQueueEmpty)
    prvIsQueueEmpty                          0x080038cd   Thumb Code    26  queue.o(i.prvIsQueueEmpty)
    i.prvIsQueueFull                         0x080038e6   Section        0  queue.o(i.prvIsQueueFull)
    prvIsQueueFull                           0x080038e7   Thumb Code    30  queue.o(i.prvIsQueueFull)
    i.prvResetNextTaskUnblockTime            0x08003904   Section        0  tasks.o(i.prvResetNextTaskUnblockTime)
    prvResetNextTaskUnblockTime              0x08003905   Thumb Code    42  tasks.o(i.prvResetNextTaskUnblockTime)
    i.prvTaskExitError                       0x08003938   Section        0  port.o(i.prvTaskExitError)
    prvTaskExitError                         0x08003939   Thumb Code    22  port.o(i.prvTaskExitError)
    i.prvTaskIsTaskSuspended                 0x08003950   Section        0  tasks.o(i.prvTaskIsTaskSuspended)
    prvTaskIsTaskSuspended                   0x08003951   Thumb Code    56  tasks.o(i.prvTaskIsTaskSuspended)
    i.prvUnlockQueue                         0x08003990   Section        0  queue.o(i.prvUnlockQueue)
    prvUnlockQueue                           0x08003991   Thumb Code   126  queue.o(i.prvUnlockQueue)
    i.pvPortMalloc                           0x08003a10   Section        0  heap_4.o(i.pvPortMalloc)
    i.pvTaskIncrementMutexHeldCount          0x08003ae0   Section        0  tasks.o(i.pvTaskIncrementMutexHeldCount)
    i.pxPortInitialiseStack                  0x08003b00   Section        0  port.o(i.pxPortInitialiseStack)
    i.uxListRemove                           0x08003b24   Section        0  list.o(i.uxListRemove)
    i.vListInitialise                        0x08003b4c   Section        0  list.o(i.vListInitialise)
    i.vListInitialiseItem                    0x08003b66   Section        0  list.o(i.vListInitialiseItem)
    i.vListInsert                            0x08003b6c   Section        0  list.o(i.vListInsert)
    i.vListInsertEnd                         0x08003ba0   Section        0  list.o(i.vListInsertEnd)
    i.vPortEnterCritical                     0x08003bb8   Section        0  port.o(i.vPortEnterCritical)
    i.vPortExitCritical                      0x08003bdc   Section        0  port.o(i.vPortExitCritical)
    i.vPortFree                              0x08003bfc   Section        0  heap_4.o(i.vPortFree)
    i.vPortSetupTimerInterrupt               0x08003c44   Section        0  port.o(i.vPortSetupTimerInterrupt)
    i.vPortSuppressTicksAndSleep             0x08003ca0   Section        0  port.o(i.vPortSuppressTicksAndSleep)
    i.vTaskDelay                             0x08003dec   Section        0  tasks.o(i.vTaskDelay)
    i.vTaskDelete                            0x08003e20   Section        0  tasks.o(i.vTaskDelete)
    i.vTaskMissedYield                       0x08003eec   Section        0  tasks.o(i.vTaskMissedYield)
    i.vTaskPlaceOnEventList                  0x08003ef8   Section        0  tasks.o(i.vTaskPlaceOnEventList)
    i.vTaskPriorityInherit                   0x08003f18   Section        0  tasks.o(i.vTaskPriorityInherit)
    i.vTaskResume                            0x08003fc8   Section        0  tasks.o(i.vTaskResume)
    i.vTaskSetTimeOutState                   0x08004040   Section        0  tasks.o(i.vTaskSetTimeOutState)
    i.vTaskStartScheduler                    0x08004058   Section        0  tasks.o(i.vTaskStartScheduler)
    i.vTaskStepTick                          0x080040bc   Section        0  tasks.o(i.vTaskStepTick)
    i.vTaskSuspend                           0x080040cc   Section        0  tasks.o(i.vTaskSuspend)
    i.vTaskSuspendAll                        0x08004188   Section        0  tasks.o(i.vTaskSuspendAll)
    i.vTaskSwitchContext                     0x08004198   Section        0  tasks.o(i.vTaskSwitchContext)
    i.xPortStartScheduler                    0x080041f8   Section        0  port.o(i.xPortStartScheduler)
    i.xPortSysTickHandler                    0x0800422c   Section        0  port.o(i.xPortSysTickHandler)
    i.xQueueCreateMutex                      0x08004260   Section        0  queue.o(i.xQueueCreateMutex)
    i.xQueueGenericCreate                    0x08004282   Section        0  queue.o(i.xQueueGenericCreate)
    i.xQueueGenericReceive                   0x080042bc   Section        0  queue.o(i.xQueueGenericReceive)
    i.xQueueGenericReset                     0x08004418   Section        0  queue.o(i.xQueueGenericReset)
    i.xQueueGenericSend                      0x08004498   Section        0  queue.o(i.xQueueGenericSend)
    i.xTaskCheckForTimeOut                   0x080045b0   Section        0  tasks.o(i.xTaskCheckForTimeOut)
    i.xTaskCreate                            0x0800460c   Section        0  tasks.o(i.xTaskCreate)
    i.xTaskGetSchedulerState                 0x0800466c   Section        0  tasks.o(i.xTaskGetSchedulerState)
    i.xTaskGetTickCount                      0x0800468c   Section        0  tasks.o(i.xTaskGetTickCount)
    i.xTaskIncrementTick                     0x08004698   Section        0  tasks.o(i.xTaskIncrementTick)
    i.xTaskPriorityDisinherit                0x080047b4   Section        0  tasks.o(i.xTaskPriorityDisinherit)
    i.xTaskRemoveFromEventList               0x08004838   Section        0  tasks.o(i.xTaskRemoveFromEventList)
    i.xTaskResumeAll                         0x080048bc   Section        0  tasks.o(i.xTaskResumeAll)
    .constdata                               0x080049a4   Section       16  keypad.o(.constdata)
    .constdata                               0x080049b4   Section    26660  lcd_fonts.o(.constdata)
    .constdata                               0x0800b1d8   Section    28800  menu.o(.constdata)
    .data                                    0x20000000   Section       20  system_stm32f10x.o(.data)
    .data                                    0x20000014   Section       20  stm32f10x_rcc.o(.data)
    APBAHBPrescTable                         0x20000014   Data          16  stm32f10x_rcc.o(.data)
    ADCPrescTable                            0x20000024   Data           4  stm32f10x_rcc.o(.data)
    .data                                    0x20000028   Section       24  heap_4.o(.data)
    xStart                                   0x20000028   Data           8  heap_4.o(.data)
    pxEnd                                    0x20000030   Data           4  heap_4.o(.data)
    xFreeBytesRemaining                      0x20000034   Data           4  heap_4.o(.data)
    xMinimumEverFreeBytesRemaining           0x20000038   Data           4  heap_4.o(.data)
    xBlockAllocatedBit                       0x2000003c   Data           4  heap_4.o(.data)
    .data                                    0x20000040   Section       16  port.o(.data)
    uxCriticalNesting                        0x20000040   Data           4  port.o(.data)
    ulTimerCountsForOneTick                  0x20000044   Data           4  port.o(.data)
    xMaximumPossibleSuppressedTicks          0x20000048   Data           4  port.o(.data)
    ulStoppedTimerCompensation               0x2000004c   Data           4  port.o(.data)
    .data                                    0x20000050   Section       60  tasks.o(.data)
    pxDelayedTaskList                        0x20000054   Data           4  tasks.o(.data)
    pxOverflowDelayedTaskList                0x20000058   Data           4  tasks.o(.data)
    uxDeletedTasksWaitingCleanUp             0x2000005c   Data           4  tasks.o(.data)
    uxCurrentNumberOfTasks                   0x20000060   Data           4  tasks.o(.data)
    xTickCount                               0x20000064   Data           4  tasks.o(.data)
    uxTopReadyPriority                       0x20000068   Data           4  tasks.o(.data)
    xSchedulerRunning                        0x2000006c   Data           4  tasks.o(.data)
    uxPendedTicks                            0x20000070   Data           4  tasks.o(.data)
    xYieldPending                            0x20000074   Data           4  tasks.o(.data)
    xNumOfOverflows                          0x20000078   Data           4  tasks.o(.data)
    uxTaskNumber                             0x2000007c   Data           4  tasks.o(.data)
    xNextTaskUnblockTime                     0x20000080   Data           4  tasks.o(.data)
    xIdleTaskHandle                          0x20000084   Data           4  tasks.o(.data)
    uxSchedulerSuspended                     0x20000088   Data           4  tasks.o(.data)
    .data                                    0x2000008c   Section        8  keypad.o(.data)
    last_key                                 0x2000008c   Data           1  keypad.o(.data)
    last_time                                0x20000090   Data           4  keypad.o(.data)
    .data                                    0x20000094   Section      120  lcd_fonts.o(.data)
    .data                                    0x2000010c   Section        8  lcd_spi_154.o(.data)
    LCD_AsciiFonts                           0x2000010c   Data           4  lcd_spi_154.o(.data)
    LCD_CHFonts                              0x20000110   Data           4  lcd_spi_154.o(.data)
    .data                                    0x20000114   Section       41  tasks_1.o(.data)
    Alarm_Flag                               0x20000136   Data           1  tasks_1.o(.data)
    place                                    0x2000013c   Data           1  tasks_1.o(.data)
    .data                                    0x20000140   Section        4  main.o(.data)
    .data                                    0x20000144   Section        4  stdout.o(.data)
    .bss                                     0x20000148   Section    10240  heap_4.o(.bss)
    ucHeap                                   0x20000148   Data       10240  heap_4.o(.bss)
    .bss                                     0x20002948   Section      740  tasks.o(.bss)
    pxReadyTasksLists                        0x20002948   Data         640  tasks.o(.bss)
    xDelayedTaskList1                        0x20002bc8   Data          20  tasks.o(.bss)
    xDelayedTaskList2                        0x20002bdc   Data          20  tasks.o(.bss)
    xPendingReadyList                        0x20002bf0   Data          20  tasks.o(.bss)
    xTasksWaitingTermination                 0x20002c04   Data          20  tasks.o(.bss)
    xSuspendedTaskList                       0x20002c18   Data          20  tasks.o(.bss)
    .bss                                     0x20002c2c   Section     2064  lcd_spi_154.o(.bss)
    STACK                                    0x20003440   Section     1024  startup_stm32f10x_hd.o(STACK)

    Global Symbols

    Symbol Name                              Value     Ov Type        Size  Object(Section)

    BuildAttributes$$THM_ISAv4$P$D$K$B$S$PE$A:L22UL41UL21$X:L11$S22US41US21$IEEE1$IW$USESV6$~STKCKD$USESV7$~SHL$OTIME$ROPI$EBA8$MICROLIB$REQ8$PRES8$EABIv2 0x00000000   Number         0  anon$$obj.o ABSOLUTE
    __ARM_use_no_argv                        0x00000000   Number         0  main.o ABSOLUTE
    _printf_a                                0x00000000   Number         0  stubs.o ABSOLUTE
    _printf_c                                0x00000000   Number         0  stubs.o ABSOLUTE
    _printf_charcount                        0x00000000   Number         0  stubs.o ABSOLUTE
    _printf_d                                0x00000000   Number         0  stubs.o ABSOLUTE
    _printf_e                                0x00000000   Number         0  stubs.o ABSOLUTE
    _printf_f                                0x00000000   Number         0  stubs.o ABSOLUTE
    _printf_flags                            0x00000000   Number         0  stubs.o ABSOLUTE
    _printf_fp_dec                           0x00000000   Number         0  stubs.o ABSOLUTE
    _printf_fp_hex                           0x00000000   Number         0  stubs.o ABSOLUTE
    _printf_g                                0x00000000   Number         0  stubs.o ABSOLUTE
    _printf_i                                0x00000000   Number         0  stubs.o ABSOLUTE
    _printf_int_dec                          0x00000000   Number         0  stubs.o ABSOLUTE
    _printf_l                                0x00000000   Number         0  stubs.o ABSOLUTE
    _printf_lc                               0x00000000   Number         0  stubs.o ABSOLUTE
    _printf_ll                               0x00000000   Number         0  stubs.o ABSOLUTE
    _printf_lld                              0x00000000   Number         0  stubs.o ABSOLUTE
    _printf_lli                              0x00000000   Number         0  stubs.o ABSOLUTE
    _printf_llo                              0x00000000   Number         0  stubs.o ABSOLUTE
    _printf_llu                              0x00000000   Number         0  stubs.o ABSOLUTE
    _printf_llx                              0x00000000   Number         0  stubs.o ABSOLUTE
    _printf_longlong_dec                     0x00000000   Number         0  stubs.o ABSOLUTE
    _printf_longlong_hex                     0x00000000   Number         0  stubs.o ABSOLUTE
    _printf_longlong_oct                     0x00000000   Number         0  stubs.o ABSOLUTE
    _printf_ls                               0x00000000   Number         0  stubs.o ABSOLUTE
    _printf_mbtowc                           0x00000000   Number         0  stubs.o ABSOLUTE
    _printf_n                                0x00000000   Number         0  stubs.o ABSOLUTE
    _printf_o                                0x00000000   Number         0  stubs.o ABSOLUTE
    _printf_p                                0x00000000   Number         0  stubs.o ABSOLUTE
    _printf_percent                          0x00000000   Number         0  stubs.o ABSOLUTE
    _printf_pre_padding                      0x00000000   Number         0  stubs.o ABSOLUTE
    _printf_return_value                     0x00000000   Number         0  stubs.o ABSOLUTE
    _printf_s                                0x00000000   Number         0  stubs.o ABSOLUTE
    _printf_sizespec                         0x00000000   Number         0  stubs.o ABSOLUTE
    _printf_str                              0x00000000   Number         0  stubs.o ABSOLUTE
    _printf_truncate_signed                  0x00000000   Number         0  stubs.o ABSOLUTE
    _printf_truncate_unsigned                0x00000000   Number         0  stubs.o ABSOLUTE
    _printf_u                                0x00000000   Number         0  stubs.o ABSOLUTE
    _printf_wc                               0x00000000   Number         0  stubs.o ABSOLUTE
    _printf_wctomb                           0x00000000   Number         0  stubs.o ABSOLUTE
    _printf_widthprec                        0x00000000   Number         0  stubs.o ABSOLUTE
    _printf_x                                0x00000000   Number         0  stubs.o ABSOLUTE
    __cpp_initialize__aeabi_                  - Undefined Weak Reference
    __cxa_finalize                            - Undefined Weak Reference
    _clock_init                               - Undefined Weak Reference
    _microlib_exit                            - Undefined Weak Reference
    __Vectors_Size                           0x00000130   Number         0  startup_stm32f10x_hd.o ABSOLUTE
    __Vectors                                0x08000000   Data           4  startup_stm32f10x_hd.o(RESET)
    __Vectors_End                            0x08000130   Data           0  startup_stm32f10x_hd.o(RESET)
    __main                                   0x08000131   Thumb Code     0  entry.o(.ARM.Collect$$$$00000000)
    _main_stk                                0x08000131   Thumb Code     0  entry2.o(.ARM.Collect$$$$00000001)
    _main_scatterload                        0x08000135   Thumb Code     0  entry5.o(.ARM.Collect$$$$00000004)
    __main_after_scatterload                 0x08000139   Thumb Code     0  entry5.o(.ARM.Collect$$$$00000004)
    _main_clock                              0x08000139   Thumb Code     0  entry7b.o(.ARM.Collect$$$$00000008)
    _main_cpp_init                           0x08000139   Thumb Code     0  entry8b.o(.ARM.Collect$$$$0000000A)
    _main_init                               0x08000139   Thumb Code     0  entry9a.o(.ARM.Collect$$$$0000000B)
    __rt_final_cpp                           0x08000141   Thumb Code     0  entry10a.o(.ARM.Collect$$$$0000000D)
    __rt_final_exit                          0x08000141   Thumb Code     0  entry11a.o(.ARM.Collect$$$$0000000F)
    SVC_Handler                              0x08000145   Thumb Code    32  port.o(.emb_text)
    __asm___6_port_c_39a90d8d__prvStartFirstTask 0x08000169   Thumb Code    28  port.o(.emb_text)
    PendSV_Handler                           0x08000189   Thumb Code    72  port.o(.emb_text)
    vPortGetIPSR                             0x080001d5   Thumb Code     6  port.o(.emb_text)
    Reset_Handler                            0x080001dd   Thumb Code     8  startup_stm32f10x_hd.o(.text)
    ADC1_2_IRQHandler                        0x080001f7   Thumb Code     0  startup_stm32f10x_hd.o(.text)
    ADC3_IRQHandler                          0x080001f7   Thumb Code     0  startup_stm32f10x_hd.o(.text)
    CAN1_RX1_IRQHandler                      0x080001f7   Thumb Code     0  startup_stm32f10x_hd.o(.text)
    CAN1_SCE_IRQHandler                      0x080001f7   Thumb Code     0  startup_stm32f10x_hd.o(.text)
    DMA1_Channel1_IRQHandler                 0x080001f7   Thumb Code     0  startup_stm32f10x_hd.o(.text)
    DMA1_Channel2_IRQHandler                 0x080001f7   Thumb Code     0  startup_stm32f10x_hd.o(.text)
    DMA1_Channel3_IRQHandler                 0x080001f7   Thumb Code     0  startup_stm32f10x_hd.o(.text)
    DMA1_Channel4_IRQHandler                 0x080001f7   Thumb Code     0  startup_stm32f10x_hd.o(.text)
    DMA1_Channel5_IRQHandler                 0x080001f7   Thumb Code     0  startup_stm32f10x_hd.o(.text)
    DMA1_Channel6_IRQHandler                 0x080001f7   Thumb Code     0  startup_stm32f10x_hd.o(.text)
    DMA1_Channel7_IRQHandler                 0x080001f7   Thumb Code     0  startup_stm32f10x_hd.o(.text)
    DMA2_Channel1_IRQHandler                 0x080001f7   Thumb Code     0  startup_stm32f10x_hd.o(.text)
    DMA2_Channel2_IRQHandler                 0x080001f7   Thumb Code     0  startup_stm32f10x_hd.o(.text)
    DMA2_Channel3_IRQHandler                 0x080001f7   Thumb Code     0  startup_stm32f10x_hd.o(.text)
    DMA2_Channel4_5_IRQHandler               0x080001f7   Thumb Code     0  startup_stm32f10x_hd.o(.text)
    EXTI0_IRQHandler                         0x080001f7   Thumb Code     0  startup_stm32f10x_hd.o(.text)
    EXTI15_10_IRQHandler                     0x080001f7   Thumb Code     0  startup_stm32f10x_hd.o(.text)
    EXTI1_IRQHandler                         0x080001f7   Thumb Code     0  startup_stm32f10x_hd.o(.text)
    EXTI2_IRQHandler                         0x080001f7   Thumb Code     0  startup_stm32f10x_hd.o(.text)
    EXTI3_IRQHandler                         0x080001f7   Thumb Code     0  startup_stm32f10x_hd.o(.text)
    EXTI4_IRQHandler                         0x080001f7   Thumb Code     0  startup_stm32f10x_hd.o(.text)
    EXTI9_5_IRQHandler                       0x080001f7   Thumb Code     0  startup_stm32f10x_hd.o(.text)
    FLASH_IRQHandler                         0x080001f7   Thumb Code     0  startup_stm32f10x_hd.o(.text)
    FSMC_IRQHandler                          0x080001f7   Thumb Code     0  startup_stm32f10x_hd.o(.text)
    I2C1_ER_IRQHandler                       0x080001f7   Thumb Code     0  startup_stm32f10x_hd.o(.text)
    I2C1_EV_IRQHandler                       0x080001f7   Thumb Code     0  startup_stm32f10x_hd.o(.text)
    I2C2_ER_IRQHandler                       0x080001f7   Thumb Code     0  startup_stm32f10x_hd.o(.text)
    I2C2_EV_IRQHandler                       0x080001f7   Thumb Code     0  startup_stm32f10x_hd.o(.text)
    PVD_IRQHandler                           0x080001f7   Thumb Code     0  startup_stm32f10x_hd.o(.text)
    RCC_IRQHandler                           0x080001f7   Thumb Code     0  startup_stm32f10x_hd.o(.text)
    RTCAlarm_IRQHandler                      0x080001f7   Thumb Code     0  startup_stm32f10x_hd.o(.text)
    RTC_IRQHandler                           0x080001f7   Thumb Code     0  startup_stm32f10x_hd.o(.text)
    SDIO_IRQHandler                          0x080001f7   Thumb Code     0  startup_stm32f10x_hd.o(.text)
    SPI1_IRQHandler                          0x080001f7   Thumb Code     0  startup_stm32f10x_hd.o(.text)
    SPI2_IRQHandler                          0x080001f7   Thumb Code     0  startup_stm32f10x_hd.o(.text)
    SPI3_IRQHandler                          0x080001f7   Thumb Code     0  startup_stm32f10x_hd.o(.text)
    TAMPER_IRQHandler                        0x080001f7   Thumb Code     0  startup_stm32f10x_hd.o(.text)
    TIM1_BRK_IRQHandler                      0x080001f7   Thumb Code     0  startup_stm32f10x_hd.o(.text)
    TIM1_CC_IRQHandler                       0x080001f7   Thumb Code     0  startup_stm32f10x_hd.o(.text)
    TIM1_TRG_COM_IRQHandler                  0x080001f7   Thumb Code     0  startup_stm32f10x_hd.o(.text)
    TIM1_UP_IRQHandler                       0x080001f7   Thumb Code     0  startup_stm32f10x_hd.o(.text)
    TIM2_IRQHandler                          0x080001f7   Thumb Code     0  startup_stm32f10x_hd.o(.text)
    TIM3_IRQHandler                          0x080001f7   Thumb Code     0  startup_stm32f10x_hd.o(.text)
    TIM4_IRQHandler                          0x080001f7   Thumb Code     0  startup_stm32f10x_hd.o(.text)
    TIM5_IRQHandler                          0x080001f7   Thumb Code     0  startup_stm32f10x_hd.o(.text)
    TIM6_IRQHandler                          0x080001f7   Thumb Code     0  startup_stm32f10x_hd.o(.text)
    TIM7_IRQHandler                          0x080001f7   Thumb Code     0  startup_stm32f10x_hd.o(.text)
    TIM8_BRK_IRQHandler                      0x080001f7   Thumb Code     0  startup_stm32f10x_hd.o(.text)
    TIM8_CC_IRQHandler                       0x080001f7   Thumb Code     0  startup_stm32f10x_hd.o(.text)
    TIM8_TRG_COM_IRQHandler                  0x080001f7   Thumb Code     0  startup_stm32f10x_hd.o(.text)
    TIM8_UP_IRQHandler                       0x080001f7   Thumb Code     0  startup_stm32f10x_hd.o(.text)
    UART4_IRQHandler                         0x080001f7   Thumb Code     0  startup_stm32f10x_hd.o(.text)
    UART5_IRQHandler                         0x080001f7   Thumb Code     0  startup_stm32f10x_hd.o(.text)
    USART1_IRQHandler                        0x080001f7   Thumb Code     0  startup_stm32f10x_hd.o(.text)
    USART2_IRQHandler                        0x080001f7   Thumb Code     0  startup_stm32f10x_hd.o(.text)
    USART3_IRQHandler                        0x080001f7   Thumb Code     0  startup_stm32f10x_hd.o(.text)
    USBWakeUp_IRQHandler                     0x080001f7   Thumb Code     0  startup_stm32f10x_hd.o(.text)
    USB_HP_CAN1_TX_IRQHandler                0x080001f7   Thumb Code     0  startup_stm32f10x_hd.o(.text)
    USB_LP_CAN1_RX0_IRQHandler               0x080001f7   Thumb Code     0  startup_stm32f10x_hd.o(.text)
    WWDG_IRQHandler                          0x080001f7   Thumb Code     0  startup_stm32f10x_hd.o(.text)
    __aeabi_memcpy                           0x08000201   Thumb Code    36  memcpya.o(.text)
    __aeabi_memcpy4                          0x08000201   Thumb Code     0  memcpya.o(.text)
    __aeabi_memcpy8                          0x08000201   Thumb Code     0  memcpya.o(.text)
    __aeabi_memset                           0x08000225   Thumb Code    14  memseta.o(.text)
    __aeabi_memset4                          0x08000225   Thumb Code     0  memseta.o(.text)
    __aeabi_memset8                          0x08000225   Thumb Code     0  memseta.o(.text)
    __aeabi_memclr                           0x08000233   Thumb Code     4  memseta.o(.text)
    __aeabi_memclr4                          0x08000233   Thumb Code     0  memseta.o(.text)
    __aeabi_memclr8                          0x08000233   Thumb Code     0  memseta.o(.text)
    _memset$wrapper                          0x08000237   Thumb Code    18  memseta.o(.text)
    strcpy                                   0x08000249   Thumb Code    18  strcpy.o(.text)
    __aeabi_fdiv                             0x0800025b   Thumb Code   124  fdiv.o(.text)
    __aeabi_ui2f                             0x080002d7   Thumb Code    10  ffltui.o(.text)
    __aeabi_cfcmpeq                          0x080002e1   Thumb Code     0  cfcmple.o(.text)
    __aeabi_cfcmple                          0x080002e1   Thumb Code    20  cfcmple.o(.text)
    __aeabi_uidiv                            0x080002f5   Thumb Code     0  uidiv.o(.text)
    __aeabi_uidivmod                         0x080002f5   Thumb Code    44  uidiv.o(.text)
    __aeabi_uldivmod                         0x08000321   Thumb Code    98  uldiv.o(.text)
    __I$use$fp                               0x08000383   Thumb Code     0  iusefp.o(.text)
    _float_round                             0x08000383   Thumb Code    18  fepilogue.o(.text)
    _float_epilogue                          0x08000395   Thumb Code    92  fepilogue.o(.text)
    __aeabi_dadd                             0x080003f1   Thumb Code   322  dadd.o(.text)
    __aeabi_dsub                             0x08000533   Thumb Code     6  dadd.o(.text)
    __aeabi_drsub                            0x08000539   Thumb Code     6  dadd.o(.text)
    __aeabi_dmul                             0x0800053f   Thumb Code   228  dmul.o(.text)
    __aeabi_ddiv                             0x08000623   Thumb Code   222  ddiv.o(.text)
    __aeabi_d2ulz                            0x08000701   Thumb Code    48  dfixul.o(.text)
    __aeabi_cdrcmple                         0x08000731   Thumb Code    48  cdrcmple.o(.text)
    __scatterload                            0x08000761   Thumb Code    28  init.o(.text)
    __scatterload_rt2                        0x08000761   Thumb Code     0  init.o(.text)
    __aeabi_llsl                             0x08000785   Thumb Code    30  llshl.o(.text)
    _ll_shift_l                              0x08000785   Thumb Code     0  llshl.o(.text)
    __aeabi_llsr                             0x080007a3   Thumb Code    32  llushr.o(.text)
    _ll_ushift_r                             0x080007a3   Thumb Code     0  llushr.o(.text)
    __aeabi_lasr                             0x080007c3   Thumb Code    36  llsshr.o(.text)
    _ll_sshift_r                             0x080007c3   Thumb Code     0  llsshr.o(.text)
    _double_round                            0x080007e7   Thumb Code    30  depilogue.o(.text)
    _double_epilogue                         0x08000805   Thumb Code   156  depilogue.o(.text)
    __decompress                             0x080008a1   Thumb Code     0  __dczerorl2.o(.text)
    __decompress1                            0x080008a1   Thumb Code    86  __dczerorl2.o(.text)
    BCD_DEC                                  0x080008f7   Thumb Code    24  ds3231.o(i.BCD_DEC)
    BusFault_Handler                         0x0800090f   Thumb Code     4  stm32f10x_it.o(i.BusFault_Handler)
    DS3231_GetTime                           0x08000913   Thumb Code   148  ds3231.o(i.DS3231_GetTime)
    DS3231_Init                              0x080009a7   Thumb Code    16  ds3231.o(i.DS3231_Init)
    DS3231_ReadReg                           0x080009b7   Thumb Code    62  ds3231.o(i.DS3231_ReadReg)
    DS3231_WriteReg                          0x080009f5   Thumb Code    46  ds3231.o(i.DS3231_WriteReg)
    DebugMon_Handler                         0x08000a23   Thumb Code     2  stm32f10x_it.o(i.DebugMon_Handler)
    Delay_ms                                 0x08000a25   Thumb Code    26  delay.o(i.Delay_ms)
    Delay_us                                 0x08000a3f   Thumb Code    14  delay.o(i.Delay_us)
    Display_Choice                           0x08000a4d   Thumb Code    80  display.o(i.Display_Choice)
    Display_Menu                             0x08000ab9   Thumb Code   298  tasks_1.o(i.Display_Menu)
    Display_Root                             0x08000c49   Thumb Code   274  tasks_1.o(i.Display_Root)
    GPIO_Init                                0x08000ddd   Thumb Code   278  stm32f10x_gpio.o(i.GPIO_Init)
    GPIO_PinRemapConfig                      0x08000ef5   Thumb Code   138  stm32f10x_gpio.o(i.GPIO_PinRemapConfig)
    GPIO_ReadInputDataBit                    0x08000f85   Thumb Code    18  stm32f10x_gpio.o(i.GPIO_ReadInputDataBit)
    GPIO_ResetBits                           0x08000f97   Thumb Code     4  stm32f10x_gpio.o(i.GPIO_ResetBits)
    GPIO_SetBits                             0x08000f9b   Thumb Code     4  stm32f10x_gpio.o(i.GPIO_SetBits)
    GPIO_WriteBit                            0x08000f9f   Thumb Code    10  stm32f10x_gpio.o(i.GPIO_WriteBit)
    GetTick                                  0x08000fa9   Thumb Code     8  systick.o(i.GetTick)
    HardFault_Handler                        0x08000fb1   Thumb Code     4  stm32f10x_it.o(i.HardFault_Handler)
    Keypad_Init                              0x08000fb5   Thumb Code    56  keypad.o(i.Keypad_Init)
    Keypad_Scan                              0x08000ff1   Thumb Code   284  keypad.o(i.Keypad_Scan)
    LCD_Clear                                0x0800111d   Thumb Code   178  lcd_spi_154.o(i.LCD_Clear)
    LCD_Delay                                0x080011dd   Thumb Code    42  lcd_spi_154.o(i.LCD_Delay)
    LCD_DisplayChar                          0x08001209   Thumb Code   210  lcd_spi_154.o(i.LCD_DisplayChar)
    LCD_DisplayString                        0x080012ed   Thumb Code    48  lcd_spi_154.o(i.LCD_DisplayString)
    LCD_DrawImage                            0x08001325   Thumb Code   298  lcd_spi_154.o(i.LCD_DrawImage)
    LCD_FillRect                             0x08001459   Thumb Code   188  lcd_spi_154.o(i.LCD_FillRect)
    LCD_GPIO_Config                          0x08001521   Thumb Code   164  lcd_spi_154.o(i.LCD_GPIO_Config)
    LCD_SPI_Config                           0x080015d5   Thumb Code    86  lcd_spi_154.o(i.LCD_SPI_Config)
    LCD_SetAddress                           0x08001631   Thumb Code   114  lcd_spi_154.o(i.LCD_SetAddress)
    LCD_SetAsciiFont                         0x080016b1   Thumb Code     6  lcd_spi_154.o(i.LCD_SetAsciiFont)
    LCD_SetBackColor                         0x080016bd   Thumb Code    36  lcd_spi_154.o(i.LCD_SetBackColor)
    LCD_SetColor                             0x080016e5   Thumb Code    36  lcd_spi_154.o(i.LCD_SetColor)
    LCD_SetDirection                         0x0800170d   Thumb Code   170  lcd_spi_154.o(i.LCD_SetDirection)
    LCD_ShowNumMode                          0x080017c5   Thumb Code     6  lcd_spi_154.o(i.LCD_ShowNumMode)
    LCD_Sleep                                0x080017d1   Thumb Code    44  lcd_spi_154.o(i.LCD_Sleep)
    LCD_WakeUp                               0x08001801   Thumb Code    52  lcd_spi_154.o(i.LCD_WakeUp)
    LCD_WriteBuff                            0x08001839   Thumb Code   146  lcd_spi_154.o(i.LCD_WriteBuff)
    LCD_WriteCommand                         0x080018d5   Thumb Code    74  lcd_spi_154.o(i.LCD_WriteCommand)
    LCD_WriteData_16bit                      0x08001929   Thumb Code    44  lcd_spi_154.o(i.LCD_WriteData_16bit)
    LCD_WriteData_8bit                       0x08001959   Thumb Code    22  lcd_spi_154.o(i.LCD_WriteData_8bit)
    MPU6050_GetData                          0x08001975   Thumb Code   172  mpu6050.o(i.MPU6050_GetData)
    MPU6050_I2C_Init                         0x08001a21   Thumb Code    50  mpu6050.o(i.MPU6050_I2C_Init)
    MPU6050_Init                             0x08001a59   Thumb Code    56  mpu6050.o(i.MPU6050_Init)
    MPU6050_R_SDA                            0x08001a91   Thumb Code    24  mpu6050.o(i.MPU6050_R_SDA)
    MPU6050_ReadReg                          0x08001aad   Thumb Code    62  mpu6050.o(i.MPU6050_ReadReg)
    MPU6050_ReceiveAck                       0x08001aeb   Thumb Code    30  mpu6050.o(i.MPU6050_ReceiveAck)
    MPU6050_ReceiveByte                      0x08001b09   Thumb Code    52  mpu6050.o(i.MPU6050_ReceiveByte)
    MPU6050_SendAck                          0x08001b3d   Thumb Code    24  mpu6050.o(i.MPU6050_SendAck)
    MPU6050_SendByte                         0x08001b55   Thumb Code    42  mpu6050.o(i.MPU6050_SendByte)
    MPU6050_Start                            0x08001b7f   Thumb Code    28  mpu6050.o(i.MPU6050_Start)
    MPU6050_Stop                             0x08001b9b   Thumb Code    22  mpu6050.o(i.MPU6050_Stop)
    MPU6050_W_SCL                            0x08001bb1   Thumb Code    24  mpu6050.o(i.MPU6050_W_SCL)
    MPU6050_W_SDA                            0x08001bcd   Thumb Code    24  mpu6050.o(i.MPU6050_W_SDA)
    MPU6050_WriteReg                         0x08001be9   Thumb Code    46  mpu6050.o(i.MPU6050_WriteReg)
    MemManage_Handler                        0x08001c17   Thumb Code     4  stm32f10x_it.o(i.MemManage_Handler)
    MyI2C_Init                               0x08001c1d   Thumb Code    44  myi2c.o(i.MyI2C_Init)
    MyI2C_R_SDA                              0x08001c4d   Thumb Code    22  myi2c.o(i.MyI2C_R_SDA)
    MyI2C_ReceiveAck                         0x08001c69   Thumb Code    30  myi2c.o(i.MyI2C_ReceiveAck)
    MyI2C_ReceiveByte                        0x08001c87   Thumb Code    52  myi2c.o(i.MyI2C_ReceiveByte)
    MyI2C_SendAck                            0x08001cbb   Thumb Code    24  myi2c.o(i.MyI2C_SendAck)
    MyI2C_SendByte                           0x08001cd3   Thumb Code    42  myi2c.o(i.MyI2C_SendByte)
    MyI2C_Start                              0x08001cfd   Thumb Code    28  myi2c.o(i.MyI2C_Start)
    MyI2C_Stop                               0x08001d19   Thumb Code    22  myi2c.o(i.MyI2C_Stop)
    MyI2C_W_SCL                              0x08001d31   Thumb Code    22  myi2c.o(i.MyI2C_W_SCL)
    MyI2C_W_SDA                              0x08001d4d   Thumb Code    22  myi2c.o(i.MyI2C_W_SDA)
    NMI_Handler                              0x08001d69   Thumb Code     2  stm32f10x_it.o(i.NMI_Handler)
    NVIC_Init                                0x08001d91   Thumb Code   100  misc.o(i.NVIC_Init)
    NVIC_PriorityGroupConfig                 0x08001e01   Thumb Code    10  misc.o(i.NVIC_PriorityGroupConfig)
    RCC_APB1PeriphClockCmd                   0x08001e15   Thumb Code    26  stm32f10x_rcc.o(i.RCC_APB1PeriphClockCmd)
    RCC_APB2PeriphClockCmd                   0x08001e35   Thumb Code    26  stm32f10x_rcc.o(i.RCC_APB2PeriphClockCmd)
    RCC_GetClocksFreq                        0x08001e55   Thumb Code   192  stm32f10x_rcc.o(i.RCC_GetClocksFreq)
    Read_Gyro                                0x08001f29   Thumb Code   146  tasks_1.o(i.Read_Gyro)
    Root_Motion                              0x08001fe5   Thumb Code   252  display.o(i.Root_Motion)
    SPI_Cmd                                  0x08002125   Thumb Code    24  stm32f10x_spi.o(i.SPI_Cmd)
    SPI_Init                                 0x0800213d   Thumb Code    60  stm32f10x_spi.o(i.SPI_Init)
    SPI_LCD_Init                             0x08002179   Thumb Code   452  lcd_spi_154.o(i.SPI_LCD_Init)
    Select                                   0x08002349   Thumb Code   110  menu.o(i.Select)
    Start_Task                               0x080024b1   Thumb Code   102  tasks_1.o(i.Start_Task)
    SysTick_Handler                          0x08002569   Thumb Code    16  stm32f10x_it.o(i.SysTick_Handler)
    SysTick_Init                             0x08002579   Thumb Code     2  systick.o(i.SysTick_Init)
    SystemInit                               0x0800257d   Thumb Code    78  system_stm32f10x.o(i.SystemInit)
    TimeUpdate                               0x080025dd   Thumb Code    94  tasks_1.o(i.TimeUpdate)
    USART_Cmd                                0x0800267d   Thumb Code    24  stm32f10x_usart.o(i.USART_Cmd)
    USART_Config                             0x08002695   Thumb Code   136  usart.o(i.USART_Config)
    USART_GetFlagStatus                      0x08002725   Thumb Code    26  stm32f10x_usart.o(i.USART_GetFlagStatus)
    USART_ITConfig                           0x0800273f   Thumb Code    74  stm32f10x_usart.o(i.USART_ITConfig)
    USART_Init                               0x08002789   Thumb Code   210  stm32f10x_usart.o(i.USART_Init)
    USART_SendData                           0x08002861   Thumb Code     8  stm32f10x_usart.o(i.USART_SendData)
    UsageFault_Handler                       0x08002869   Thumb Code     4  stm32f10x_it.o(i.UsageFault_Handler)
    __0printf                                0x0800286d   Thumb Code    22  printfa.o(i.__0printf)
    __1printf                                0x0800286d   Thumb Code     0  printfa.o(i.__0printf)
    __2printf                                0x0800286d   Thumb Code     0  printfa.o(i.__0printf)
    __c89printf                              0x0800286d   Thumb Code     0  printfa.o(i.__0printf)
    printf                                   0x0800286d   Thumb Code     0  printfa.o(i.__0printf)
    __0snprintf                              0x0800288d   Thumb Code    44  printfa.o(i.__0snprintf)
    __1snprintf                              0x0800288d   Thumb Code     0  printfa.o(i.__0snprintf)
    __2snprintf                              0x0800288d   Thumb Code     0  printfa.o(i.__0snprintf)
    __c89snprintf                            0x0800288d   Thumb Code     0  printfa.o(i.__0snprintf)
    snprintf                                 0x0800288d   Thumb Code     0  printfa.o(i.__0snprintf)
    __scatterload_copy                       0x080028bd   Thumb Code    14  handlers.o(i.__scatterload_copy)
    __scatterload_null                       0x080028cb   Thumb Code     2  handlers.o(i.__scatterload_null)
    __scatterload_zeroinit                   0x080028cd   Thumb Code    14  handlers.o(i.__scatterload_zeroinit)
    eTaskConfirmSleepModeStatus              0x080031a5   Thumb Code    42  tasks.o(i.eTaskConfirmSleepModeStatus)
    eTaskGetState                            0x080031e1   Thumb Code    88  tasks.o(i.eTaskGetState)
    fputc                                    0x0800324d   Thumb Code    32  usart.o(i.fputc)
    main                                     0x08003271   Thumb Code   190  main.o(i.main)
    pvPortMalloc                             0x08003a11   Thumb Code   188  heap_4.o(i.pvPortMalloc)
    pvTaskIncrementMutexHeldCount            0x08003ae1   Thumb Code    26  tasks.o(i.pvTaskIncrementMutexHeldCount)
    pxPortInitialiseStack                    0x08003b01   Thumb Code    30  port.o(i.pxPortInitialiseStack)
    uxListRemove                             0x08003b25   Thumb Code    40  list.o(i.uxListRemove)
    vListInitialise                          0x08003b4d   Thumb Code    26  list.o(i.vListInitialise)
    vListInitialiseItem                      0x08003b67   Thumb Code     6  list.o(i.vListInitialiseItem)
    vListInsert                              0x08003b6d   Thumb Code    52  list.o(i.vListInsert)
    vListInsertEnd                           0x08003ba1   Thumb Code    24  list.o(i.vListInsertEnd)
    vPortEnterCritical                       0x08003bb9   Thumb Code    30  port.o(i.vPortEnterCritical)
    vPortExitCritical                        0x08003bdd   Thumb Code    28  port.o(i.vPortExitCritical)
    vPortFree                                0x08003bfd   Thumb Code    64  heap_4.o(i.vPortFree)
    vPortSetupTimerInterrupt                 0x08003c45   Thumb Code    76  port.o(i.vPortSetupTimerInterrupt)
    vPortSuppressTicksAndSleep               0x08003ca1   Thumb Code   320  port.o(i.vPortSuppressTicksAndSleep)
    vTaskDelay                               0x08003ded   Thumb Code    46  tasks.o(i.vTaskDelay)
    vTaskDelete                              0x08003e21   Thumb Code   166  tasks.o(i.vTaskDelete)
    vTaskMissedYield                         0x08003eed   Thumb Code     8  tasks.o(i.vTaskMissedYield)
    vTaskPlaceOnEventList                    0x08003ef9   Thumb Code    28  tasks.o(i.vTaskPlaceOnEventList)
    vTaskPriorityInherit                     0x08003f19   Thumb Code   164  tasks.o(i.vTaskPriorityInherit)
    vTaskResume                              0x08003fc9   Thumb Code   104  tasks.o(i.vTaskResume)
    vTaskSetTimeOutState                     0x08004041   Thumb Code    14  tasks.o(i.vTaskSetTimeOutState)
    vTaskStartScheduler                      0x08004059   Thumb Code    72  tasks.o(i.vTaskStartScheduler)
    vTaskStepTick                            0x080040bd   Thumb Code    12  tasks.o(i.vTaskStepTick)
    vTaskSuspend                             0x080040cd   Thumb Code   160  tasks.o(i.vTaskSuspend)
    vTaskSuspendAll                          0x08004189   Thumb Code    12  tasks.o(i.vTaskSuspendAll)
    vTaskSwitchContext                       0x08004199   Thumb Code    76  tasks.o(i.vTaskSwitchContext)
    xPortStartScheduler                      0x080041f9   Thumb Code    42  port.o(i.xPortStartScheduler)
    xPortSysTickHandler                      0x0800422d   Thumb Code    46  port.o(i.xPortSysTickHandler)
    xQueueCreateMutex                        0x08004261   Thumb Code    34  queue.o(i.xQueueCreateMutex)
    xQueueGenericCreate                      0x08004283   Thumb Code    56  queue.o(i.xQueueGenericCreate)
    xQueueGenericReceive                     0x080042bd   Thumb Code   342  queue.o(i.xQueueGenericReceive)
    xQueueGenericReset                       0x08004419   Thumb Code   122  queue.o(i.xQueueGenericReset)
    xQueueGenericSend                        0x08004499   Thumb Code   276  queue.o(i.xQueueGenericSend)
    xTaskCheckForTimeOut                     0x080045b1   Thumb Code    84  tasks.o(i.xTaskCheckForTimeOut)
    xTaskCreate                              0x0800460d   Thumb Code    96  tasks.o(i.xTaskCreate)
    xTaskGetSchedulerState                   0x0800466d   Thumb Code    24  tasks.o(i.xTaskGetSchedulerState)
    xTaskGetTickCount                        0x0800468d   Thumb Code     6  tasks.o(i.xTaskGetTickCount)
    xTaskIncrementTick                       0x08004699   Thumb Code   238  tasks.o(i.xTaskIncrementTick)
    xTaskPriorityDisinherit                  0x080047b5   Thumb Code   122  tasks.o(i.xTaskPriorityDisinherit)
    xTaskRemoveFromEventList                 0x08004839   Thumb Code   108  tasks.o(i.xTaskRemoveFromEventList)
    xTaskResumeAll                           0x080048bd   Thumb Code   196  tasks.o(i.xTaskResumeAll)
    KeyMap                                   0x080049a4   Data          16  keypad.o(.constdata)
    Chinese_1212                             0x080049b4   Data         480  lcd_fonts.o(.constdata)
    Chinese_1616                             0x08004b94   Data         640  lcd_fonts.o(.constdata)
    Chinese_2020                             0x08004e14   Data        1200  lcd_fonts.o(.constdata)
    Chinese_2424                             0x080052c4   Data        4680  lcd_fonts.o(.constdata)
    Chinese_3232                             0x0800650c   Data        2560  lcd_fonts.o(.constdata)
    ASCII_3216_Table                         0x08006f0c   Data        6080  lcd_fonts.o(.constdata)
    ASCII_2412_Table                         0x080086cc   Data        4560  lcd_fonts.o(.constdata)
    ASCII_2010_Table                         0x0800989c   Data        3800  lcd_fonts.o(.constdata)
    ASCII_1608_Table                         0x0800a774   Data        1520  lcd_fonts.o(.constdata)
    ASCII_1206_Table                         0x0800ad64   Data        1140  lcd_fonts.o(.constdata)
    LCD_Alarm                                0x0800b1d8   Data        7200  menu.o(.constdata)
    LCD_Calendar                             0x0800cdf8   Data        7200  menu.o(.constdata)
    LCD_Setting                              0x0800ea18   Data        7200  menu.o(.constdata)
    LCD_HeartRate                            0x08010638   Data        7200  menu.o(.constdata)
    Region$$Table$$Base                      0x08012258   Number         0  anon$$obj.o(Region$$Table)
    Region$$Table$$Limit                     0x08012278   Number         0  anon$$obj.o(Region$$Table)
    SystemCoreClock                          0x20000000   Data           4  system_stm32f10x.o(.data)
    AHBPrescTable                            0x20000004   Data          16  system_stm32f10x.o(.data)
    pxCurrentTCB                             0x20000050   Data           4  tasks.o(.data)
    CH_Font12                                0x20000094   Data          12  lcd_fonts.o(.data)
    CH_Font16                                0x200000a0   Data          12  lcd_fonts.o(.data)
    CH_Font20                                0x200000ac   Data          12  lcd_fonts.o(.data)
    CH_Font24                                0x200000b8   Data          12  lcd_fonts.o(.data)
    CH_Font32                                0x200000c4   Data          12  lcd_fonts.o(.data)
    ASCII_Font32                             0x200000d0   Data          12  lcd_fonts.o(.data)
    ASCII_Font24                             0x200000dc   Data          12  lcd_fonts.o(.data)
    ASCII_Font20                             0x200000e8   Data          12  lcd_fonts.o(.data)
    ASCII_Font16                             0x200000f4   Data          12  lcd_fonts.o(.data)
    ASCII_Font12                             0x20000100   Data          12  lcd_fonts.o(.data)
    Time_SignalHandle                        0x20000114   Data           4  tasks_1.o(.data)
    SW_SignalHandle                          0x20000118   Data           4  tasks_1.o(.data)
    Gyro_SignalHandle                        0x2000011c   Data           4  tasks_1.o(.data)
    xMutex                                   0x20000120   Data           4  tasks_1.o(.data)
    Time_TaskHandle                          0x20000124   Data           4  tasks_1.o(.data)
    Gyro_TaskHandle                          0x20000128   Data           4  tasks_1.o(.data)
    Root_TaskHandle                          0x2000012c   Data           4  tasks_1.o(.data)
    Menu_TaskHandle                          0x20000130   Data           4  tasks_1.o(.data)
    LCD_Mode                                 0x20000134   Data           1  tasks_1.o(.data)
    First_Flag                               0x20000135   Data           1  tasks_1.o(.data)
    lastActivityTime                         0x20000138   Data           4  tasks_1.o(.data)
    Start_TaskHandle                         0x20000140   Data           4  main.o(.data)
    __stdout                                 0x20000144   Data           4  stdout.o(.data)
    LCD_Buff                                 0x20002c2c   Data        2048  lcd_spi_154.o(.bss)
    LCD                                      0x2000342c   Data          16  lcd_spi_154.o(.bss)
    __initial_sp                             0x20003840   Data           0  startup_stm32f10x_hd.o(STACK)



==============================================================================

Memory Map of the image

  Image Entry point : 0x08000131

  Load Region LR_IROM1 (Base: 0x08000000, Size: 0x000123c0, Max: 0x00080000, ABSOLUTE, COMPRESSED[0x000122fc])

    Execution Region ER_IROM1 (Exec base: 0x08000000, Load base: 0x08000000, Size: 0x00012278, Max: 0x00080000, ABSOLUTE)

    Exec Addr    Load Addr    Size         Type   Attr      Idx    E Section Name        Object

    0x08000000   0x08000000   0x00000130   Data   RO            3    RESET               startup_stm32f10x_hd.o
    0x08000130   0x08000130   0x00000000   Code   RO         5054  * .ARM.Collect$$$$00000000  mc_w.l(entry.o)
    0x08000130   0x08000130   0x00000004   Code   RO         5342    .ARM.Collect$$$$00000001  mc_w.l(entry2.o)
    0x08000134   0x08000134   0x00000004   Code   RO         5345    .ARM.Collect$$$$00000004  mc_w.l(entry5.o)
    0x08000138   0x08000138   0x00000000   Code   RO         5347    .ARM.Collect$$$$00000008  mc_w.l(entry7b.o)
    0x08000138   0x08000138   0x00000000   Code   RO         5349    .ARM.Collect$$$$0000000A  mc_w.l(entry8b.o)
    0x08000138   0x08000138   0x00000008   Code   RO         5350    .ARM.Collect$$$$0000000B  mc_w.l(entry9a.o)
    0x08000140   0x08000140   0x00000000   Code   RO         5352    .ARM.Collect$$$$0000000D  mc_w.l(entry10a.o)
    0x08000140   0x08000140   0x00000000   Code   RO         5354    .ARM.Collect$$$$0000000F  mc_w.l(entry11a.o)
    0x08000140   0x08000140   0x00000004   Code   RO         5343    .ARM.Collect$$$$00002712  mc_w.l(entry2.o)
    0x08000144   0x08000144   0x00000096   Code   RO         3344    .emb_text           port.o
    0x080001da   0x080001da   0x00000002   PAD
    0x080001dc   0x080001dc   0x00000024   Code   RO            4    .text               startup_stm32f10x_hd.o
    0x08000200   0x08000200   0x00000024   Code   RO         5057    .text               mc_w.l(memcpya.o)
    0x08000224   0x08000224   0x00000024   Code   RO         5059    .text               mc_w.l(memseta.o)
    0x08000248   0x08000248   0x00000012   Code   RO         5061    .text               mc_w.l(strcpy.o)
    0x0800025a   0x0800025a   0x0000007c   Code   RO         5330    .text               mf_w.l(fdiv.o)
    0x080002d6   0x080002d6   0x0000000a   Code   RO         5334    .text               mf_w.l(ffltui.o)
    0x080002e0   0x080002e0   0x00000014   Code   RO         5340    .text               mf_w.l(cfcmple.o)
    0x080002f4   0x080002f4   0x0000002c   Code   RO         5357    .text               mc_w.l(uidiv.o)
    0x08000320   0x08000320   0x00000062   Code   RO         5359    .text               mc_w.l(uldiv.o)
    0x08000382   0x08000382   0x00000000   Code   RO         5361    .text               mc_w.l(iusefp.o)
    0x08000382   0x08000382   0x0000006e   Code   RO         5362    .text               mf_w.l(fepilogue.o)
    0x080003f0   0x080003f0   0x0000014e   Code   RO         5364    .text               mf_w.l(dadd.o)
    0x0800053e   0x0800053e   0x000000e4   Code   RO         5366    .text               mf_w.l(dmul.o)
    0x08000622   0x08000622   0x000000de   Code   RO         5368    .text               mf_w.l(ddiv.o)
    0x08000700   0x08000700   0x00000030   Code   RO         5370    .text               mf_w.l(dfixul.o)
    0x08000730   0x08000730   0x00000030   Code   RO         5372    .text               mf_w.l(cdrcmple.o)
    0x08000760   0x08000760   0x00000024   Code   RO         5374    .text               mc_w.l(init.o)
    0x08000784   0x08000784   0x0000001e   Code   RO         5376    .text               mc_w.l(llshl.o)
    0x080007a2   0x080007a2   0x00000020   Code   RO         5378    .text               mc_w.l(llushr.o)
    0x080007c2   0x080007c2   0x00000024   Code   RO         5380    .text               mc_w.l(llsshr.o)
    0x080007e6   0x080007e6   0x000000ba   Code   RO         5382    .text               mf_w.l(depilogue.o)
    0x080008a0   0x080008a0   0x00000056   Code   RO         5392    .text               mc_w.l(__dczerorl2.o)
    0x080008f6   0x080008f6   0x00000018   Code   RO         4083    i.BCD_DEC           ds3231.o
    0x0800090e   0x0800090e   0x00000004   Code   RO         5003    i.BusFault_Handler  stm32f10x_it.o
    0x08000912   0x08000912   0x00000094   Code   RO         4085    i.DS3231_GetTime    ds3231.o
    0x080009a6   0x080009a6   0x00000010   Code   RO         4086    i.DS3231_Init       ds3231.o
    0x080009b6   0x080009b6   0x0000003e   Code   RO         4087    i.DS3231_ReadReg    ds3231.o
    0x080009f4   0x080009f4   0x0000002e   Code   RO         4089    i.DS3231_WriteReg   ds3231.o
    0x08000a22   0x08000a22   0x00000002   Code   RO         5004    i.DebugMon_Handler  stm32f10x_it.o
    0x08000a24   0x08000a24   0x0000001a   Code   RO         3196    i.Delay_ms          delay.o
    0x08000a3e   0x08000a3e   0x0000000e   Code   RO         3198    i.Delay_us          delay.o
    0x08000a4c   0x08000a4c   0x0000006c   Code   RO         4856    i.Display_Choice    display.o
    0x08000ab8   0x08000ab8   0x00000190   Code   RO         4925    i.Display_Menu      tasks_1.o
    0x08000c48   0x08000c48   0x00000194   Code   RO         4926    i.Display_Root      tasks_1.o
    0x08000ddc   0x08000ddc   0x00000116   Code   RO         1347    i.GPIO_Init         stm32f10x_gpio.o
    0x08000ef2   0x08000ef2   0x00000002   PAD
    0x08000ef4   0x08000ef4   0x00000090   Code   RO         1349    i.GPIO_PinRemapConfig  stm32f10x_gpio.o
    0x08000f84   0x08000f84   0x00000012   Code   RO         1351    i.GPIO_ReadInputDataBit  stm32f10x_gpio.o
    0x08000f96   0x08000f96   0x00000004   Code   RO         1354    i.GPIO_ResetBits    stm32f10x_gpio.o
    0x08000f9a   0x08000f9a   0x00000004   Code   RO         1355    i.GPIO_SetBits      stm32f10x_gpio.o
    0x08000f9e   0x08000f9e   0x0000000a   Code   RO         1358    i.GPIO_WriteBit     stm32f10x_gpio.o
    0x08000fa8   0x08000fa8   0x00000008   Code   RO         3265    i.GetTick           systick.o
    0x08000fb0   0x08000fb0   0x00000004   Code   RO         5005    i.HardFault_Handler  stm32f10x_it.o
    0x08000fb4   0x08000fb4   0x0000003c   Code   RO         4442    i.Keypad_Init       keypad.o
    0x08000ff0   0x08000ff0   0x0000012c   Code   RO         4443    i.Keypad_Scan       keypad.o
    0x0800111c   0x0800111c   0x000000c0   Code   RO         4495    i.LCD_Clear         lcd_spi_154.o
    0x080011dc   0x080011dc   0x0000002a   Code   RO         4497    i.LCD_Delay         lcd_spi_154.o
    0x08001206   0x08001206   0x00000002   PAD
    0x08001208   0x08001208   0x000000e4   Code   RO         4498    i.LCD_DisplayChar   lcd_spi_154.o
    0x080012ec   0x080012ec   0x00000038   Code   RO         4502    i.LCD_DisplayString  lcd_spi_154.o
    0x08001324   0x08001324   0x00000134   Code   RO         4506    i.LCD_DrawImage     lcd_spi_154.o
    0x08001458   0x08001458   0x000000c8   Code   RO         4514    i.LCD_FillRect      lcd_spi_154.o
    0x08001520   0x08001520   0x000000b4   Code   RO         4515    i.LCD_GPIO_Config   lcd_spi_154.o
    0x080015d4   0x080015d4   0x0000005c   Code   RO         4516    i.LCD_SPI_Config    lcd_spi_154.o
    0x08001630   0x08001630   0x00000080   Code   RO         4517    i.LCD_SetAddress    lcd_spi_154.o
    0x080016b0   0x080016b0   0x0000000c   Code   RO         4518    i.LCD_SetAsciiFont  lcd_spi_154.o
    0x080016bc   0x080016bc   0x00000028   Code   RO         4519    i.LCD_SetBackColor  lcd_spi_154.o
    0x080016e4   0x080016e4   0x00000028   Code   RO         4520    i.LCD_SetColor      lcd_spi_154.o
    0x0800170c   0x0800170c   0x000000b8   Code   RO         4521    i.LCD_SetDirection  lcd_spi_154.o
    0x080017c4   0x080017c4   0x0000000c   Code   RO         4523    i.LCD_ShowNumMode   lcd_spi_154.o
    0x080017d0   0x080017d0   0x00000030   Code   RO         4524    i.LCD_Sleep         lcd_spi_154.o
    0x08001800   0x08001800   0x00000038   Code   RO         4525    i.LCD_WakeUp        lcd_spi_154.o
    0x08001838   0x08001838   0x0000009c   Code   RO         4526    i.LCD_WriteBuff     lcd_spi_154.o
    0x080018d4   0x080018d4   0x00000054   Code   RO         4527    i.LCD_WriteCommand  lcd_spi_154.o
    0x08001928   0x08001928   0x00000030   Code   RO         4528    i.LCD_WriteData_16bit  lcd_spi_154.o
    0x08001958   0x08001958   0x0000001c   Code   RO         4529    i.LCD_WriteData_8bit  lcd_spi_154.o
    0x08001974   0x08001974   0x000000ac   Code   RO         4721    i.MPU6050_GetData   mpu6050.o
    0x08001a20   0x08001a20   0x00000038   Code   RO         4723    i.MPU6050_I2C_Init  mpu6050.o
    0x08001a58   0x08001a58   0x00000038   Code   RO         4724    i.MPU6050_Init      mpu6050.o
    0x08001a90   0x08001a90   0x0000001c   Code   RO         4725    i.MPU6050_R_SDA     mpu6050.o
    0x08001aac   0x08001aac   0x0000003e   Code   RO         4726    i.MPU6050_ReadReg   mpu6050.o
    0x08001aea   0x08001aea   0x0000001e   Code   RO         4727    i.MPU6050_ReceiveAck  mpu6050.o
    0x08001b08   0x08001b08   0x00000034   Code   RO         4728    i.MPU6050_ReceiveByte  mpu6050.o
    0x08001b3c   0x08001b3c   0x00000018   Code   RO         4729    i.MPU6050_SendAck   mpu6050.o
    0x08001b54   0x08001b54   0x0000002a   Code   RO         4730    i.MPU6050_SendByte  mpu6050.o
    0x08001b7e   0x08001b7e   0x0000001c   Code   RO         4731    i.MPU6050_Start     mpu6050.o
    0x08001b9a   0x08001b9a   0x00000016   Code   RO         4732    i.MPU6050_Stop      mpu6050.o
    0x08001bb0   0x08001bb0   0x0000001c   Code   RO         4733    i.MPU6050_W_SCL     mpu6050.o
    0x08001bcc   0x08001bcc   0x0000001c   Code   RO         4734    i.MPU6050_W_SDA     mpu6050.o
    0x08001be8   0x08001be8   0x0000002e   Code   RO         4735    i.MPU6050_WriteReg  mpu6050.o
    0x08001c16   0x08001c16   0x00000004   Code   RO         5006    i.MemManage_Handler  stm32f10x_it.o
    0x08001c1a   0x08001c1a   0x00000002   PAD
    0x08001c1c   0x08001c1c   0x00000030   Code   RO         4233    i.MyI2C_Init        myi2c.o
    0x08001c4c   0x08001c4c   0x0000001c   Code   RO         4234    i.MyI2C_R_SDA       myi2c.o
    0x08001c68   0x08001c68   0x0000001e   Code   RO         4235    i.MyI2C_ReceiveAck  myi2c.o
    0x08001c86   0x08001c86   0x00000034   Code   RO         4236    i.MyI2C_ReceiveByte  myi2c.o
    0x08001cba   0x08001cba   0x00000018   Code   RO         4237    i.MyI2C_SendAck     myi2c.o
    0x08001cd2   0x08001cd2   0x0000002a   Code   RO         4238    i.MyI2C_SendByte    myi2c.o
    0x08001cfc   0x08001cfc   0x0000001c   Code   RO         4239    i.MyI2C_Start       myi2c.o
    0x08001d18   0x08001d18   0x00000016   Code   RO         4240    i.MyI2C_Stop        myi2c.o
    0x08001d2e   0x08001d2e   0x00000002   PAD
    0x08001d30   0x08001d30   0x0000001c   Code   RO         4241    i.MyI2C_W_SCL       myi2c.o
    0x08001d4c   0x08001d4c   0x0000001c   Code   RO         4242    i.MyI2C_W_SDA       myi2c.o
    0x08001d68   0x08001d68   0x00000002   Code   RO         5007    i.NMI_Handler       stm32f10x_it.o
    0x08001d6a   0x08001d6a   0x00000026   Code   RO         4413    i.NVIC_Configuration  usart.o
    0x08001d90   0x08001d90   0x00000070   Code   RO          137    i.NVIC_Init         misc.o
    0x08001e00   0x08001e00   0x00000014   Code   RO          138    i.NVIC_PriorityGroupConfig  misc.o
    0x08001e14   0x08001e14   0x00000020   Code   RO         1775    i.RCC_APB1PeriphClockCmd  stm32f10x_rcc.o
    0x08001e34   0x08001e34   0x00000020   Code   RO         1777    i.RCC_APB2PeriphClockCmd  stm32f10x_rcc.o
    0x08001e54   0x08001e54   0x000000d4   Code   RO         1785    i.RCC_GetClocksFreq  stm32f10x_rcc.o
    0x08001f28   0x08001f28   0x000000bc   Code   RO         4927    i.Read_Gyro         tasks_1.o
    0x08001fe4   0x08001fe4   0x00000140   Code   RO         4857    i.Root_Motion       display.o
    0x08002124   0x08002124   0x00000018   Code   RO         2263    i.SPI_Cmd           stm32f10x_spi.o
    0x0800213c   0x0800213c   0x0000003c   Code   RO         2276    i.SPI_Init          stm32f10x_spi.o
    0x08002178   0x08002178   0x000001d0   Code   RO         4530    i.SPI_LCD_Init      lcd_spi_154.o
    0x08002348   0x08002348   0x00000080   Code   RO         4898    i.Select            menu.o
    0x080023c8   0x080023c8   0x00000008   Code   RO           24    i.SetSysClock       system_stm32f10x.o
    0x080023d0   0x080023d0   0x000000e0   Code   RO           25    i.SetSysClockTo72   system_stm32f10x.o
    0x080024b0   0x080024b0   0x000000b8   Code   RO         4928    i.Start_Task        tasks_1.o
    0x08002568   0x08002568   0x00000010   Code   RO         5008    i.SysTick_Handler   stm32f10x_it.o
    0x08002578   0x08002578   0x00000002   Code   RO         3266    i.SysTick_Init      systick.o
    0x0800257a   0x0800257a   0x00000002   PAD
    0x0800257c   0x0800257c   0x00000060   Code   RO           27    i.SystemInit        system_stm32f10x.o
    0x080025dc   0x080025dc   0x000000a0   Code   RO         4929    i.TimeUpdate        tasks_1.o
    0x0800267c   0x0800267c   0x00000018   Code   RO         2960    i.USART_Cmd         stm32f10x_usart.o
    0x08002694   0x08002694   0x00000090   Code   RO         4414    i.USART_Config      usart.o
    0x08002724   0x08002724   0x0000001a   Code   RO         2963    i.USART_GetFlagStatus  stm32f10x_usart.o
    0x0800273e   0x0800273e   0x0000004a   Code   RO         2966    i.USART_ITConfig    stm32f10x_usart.o
    0x08002788   0x08002788   0x000000d8   Code   RO         2967    i.USART_Init        stm32f10x_usart.o
    0x08002860   0x08002860   0x00000008   Code   RO         2977    i.USART_SendData    stm32f10x_usart.o
    0x08002868   0x08002868   0x00000004   Code   RO         5009    i.UsageFault_Handler  stm32f10x_it.o
    0x0800286c   0x0800286c   0x00000020   Code   RO         5298    i.__0printf         mc_w.l(printfa.o)
    0x0800288c   0x0800288c   0x00000030   Code   RO         5299    i.__0snprintf       mc_w.l(printfa.o)
    0x080028bc   0x080028bc   0x0000000e   Code   RO         5386    i.__scatterload_copy  mc_w.l(handlers.o)
    0x080028ca   0x080028ca   0x00000002   Code   RO         5387    i.__scatterload_null  mc_w.l(handlers.o)
    0x080028cc   0x080028cc   0x0000000e   Code   RO         5388    i.__scatterload_zeroinit  mc_w.l(handlers.o)
    0x080028da   0x080028da   0x00000002   PAD
    0x080028dc   0x080028dc   0x00000184   Code   RO         5305    i._fp_digits        mc_w.l(printfa.o)
    0x08002a60   0x08002a60   0x000006dc   Code   RO         5306    i._printf_core      mc_w.l(printfa.o)
    0x0800313c   0x0800313c   0x00000024   Code   RO         5307    i._printf_post_padding  mc_w.l(printfa.o)
    0x08003160   0x08003160   0x0000002e   Code   RO         5308    i._printf_pre_padding  mc_w.l(printfa.o)
    0x0800318e   0x0800318e   0x00000016   Code   RO         5309    i._snputc           mc_w.l(printfa.o)
    0x080031a4   0x080031a4   0x0000003c   Code   RO         3710    i.eTaskConfirmSleepModeStatus  tasks.o
    0x080031e0   0x080031e0   0x0000006c   Code   RO         3711    i.eTaskGetState     tasks.o
    0x0800324c   0x0800324c   0x00000024   Code   RO         4416    i.fputc             usart.o
    0x08003270   0x08003270   0x00000134   Code   RO         4984    i.main              main.o
    0x080033a4   0x080033a4   0x00000098   Code   RO         3713    i.prvAddCurrentTaskToDelayedList  tasks.o
    0x0800343c   0x0800343c   0x000000b8   Code   RO         3714    i.prvAddNewTaskToReadyList  tasks.o
    0x080034f4   0x080034f4   0x00000064   Code   RO         3715    i.prvCheckTasksWaitingTermination  tasks.o
    0x08003558   0x08003558   0x0000002a   Code   RO         3555    i.prvCopyDataFromQueue  queue.o
    0x08003582   0x08003582   0x0000007c   Code   RO         3556    i.prvCopyDataToQueue  queue.o
    0x080035fe   0x080035fe   0x00000012   Code   RO         3716    i.prvDeleteTCB      tasks.o
    0x08003610   0x08003610   0x0000004c   Code   RO         3717    i.prvGetExpectedIdleTime  tasks.o
    0x0800365c   0x0800365c   0x0000007c   Code   RO         3286    i.prvHeapInit       heap_4.o
    0x080036d8   0x080036d8   0x0000004c   Code   RO         3718    i.prvIdleTask       tasks.o
    0x08003724   0x08003724   0x0000001c   Code   RO         3557    i.prvInitialiseMutex  queue.o
    0x08003740   0x08003740   0x0000002a   Code   RO         3558    i.prvInitialiseNewQueue  queue.o
    0x0800376a   0x0800376a   0x00000090   Code   RO         3719    i.prvInitialiseNewTask  tasks.o
    0x080037fa   0x080037fa   0x00000002   PAD
    0x080037fc   0x080037fc   0x00000068   Code   RO         3720    i.prvInitialiseTaskLists  tasks.o
    0x08003864   0x08003864   0x00000068   Code   RO         3287    i.prvInsertBlockIntoFreeList  heap_4.o
    0x080038cc   0x080038cc   0x0000001a   Code   RO         3559    i.prvIsQueueEmpty   queue.o
    0x080038e6   0x080038e6   0x0000001e   Code   RO         3560    i.prvIsQueueFull    queue.o
    0x08003904   0x08003904   0x00000034   Code   RO         3722    i.prvResetNextTaskUnblockTime  tasks.o
    0x08003938   0x08003938   0x00000016   Code   RO         3345    i.prvTaskExitError  port.o
    0x0800394e   0x0800394e   0x00000002   PAD
    0x08003950   0x08003950   0x00000040   Code   RO         3724    i.prvTaskIsTaskSuspended  tasks.o
    0x08003990   0x08003990   0x0000007e   Code   RO         3561    i.prvUnlockQueue    queue.o
    0x08003a0e   0x08003a0e   0x00000002   PAD
    0x08003a10   0x08003a10   0x000000d0   Code   RO         3288    i.pvPortMalloc      heap_4.o
    0x08003ae0   0x08003ae0   0x00000020   Code   RO         3725    i.pvTaskIncrementMutexHeldCount  tasks.o
    0x08003b00   0x08003b00   0x00000024   Code   RO         3346    i.pxPortInitialiseStack  port.o
    0x08003b24   0x08003b24   0x00000028   Code   RO         3519    i.uxListRemove      list.o
    0x08003b4c   0x08003b4c   0x0000001a   Code   RO         3520    i.vListInitialise   list.o
    0x08003b66   0x08003b66   0x00000006   Code   RO         3521    i.vListInitialiseItem  list.o
    0x08003b6c   0x08003b6c   0x00000034   Code   RO         3522    i.vListInsert       list.o
    0x08003ba0   0x08003ba0   0x00000018   Code   RO         3523    i.vListInsertEnd    list.o
    0x08003bb8   0x08003bb8   0x00000024   Code   RO         3348    i.vPortEnterCritical  port.o
    0x08003bdc   0x08003bdc   0x00000020   Code   RO         3349    i.vPortExitCritical  port.o
    0x08003bfc   0x08003bfc   0x00000048   Code   RO         3289    i.vPortFree         heap_4.o
    0x08003c44   0x08003c44   0x0000005c   Code   RO         3350    i.vPortSetupTimerInterrupt  port.o
    0x08003ca0   0x08003ca0   0x0000014c   Code   RO         3351    i.vPortSuppressTicksAndSleep  port.o
    0x08003dec   0x08003dec   0x00000034   Code   RO         3734    i.vTaskDelay        tasks.o
    0x08003e20   0x08003e20   0x000000cc   Code   RO         3736    i.vTaskDelete       tasks.o
    0x08003eec   0x08003eec   0x0000000c   Code   RO         3739    i.vTaskMissedYield  tasks.o
    0x08003ef8   0x08003ef8   0x00000020   Code   RO         3741    i.vTaskPlaceOnEventList  tasks.o
    0x08003f18   0x08003f18   0x000000b0   Code   RO         3743    i.vTaskPriorityInherit  tasks.o
    0x08003fc8   0x08003fc8   0x00000078   Code   RO         3745    i.vTaskResume       tasks.o
    0x08004040   0x08004040   0x00000018   Code   RO         3747    i.vTaskSetTimeOutState  tasks.o
    0x08004058   0x08004058   0x00000064   Code   RO         3748    i.vTaskStartScheduler  tasks.o
    0x080040bc   0x080040bc   0x00000010   Code   RO         3749    i.vTaskStepTick     tasks.o
    0x080040cc   0x080040cc   0x000000bc   Code   RO         3750    i.vTaskSuspend      tasks.o
    0x08004188   0x08004188   0x00000010   Code   RO         3751    i.vTaskSuspendAll   tasks.o
    0x08004198   0x08004198   0x00000060   Code   RO         3752    i.vTaskSwitchContext  tasks.o
    0x080041f8   0x080041f8   0x00000034   Code   RO         3352    i.xPortStartScheduler  port.o
    0x0800422c   0x0800422c   0x00000034   Code   RO         3353    i.xPortSysTickHandler  port.o
    0x08004260   0x08004260   0x00000022   Code   RO         3569    i.xQueueCreateMutex  queue.o
    0x08004282   0x08004282   0x00000038   Code   RO         3570    i.xQueueGenericCreate  queue.o
    0x080042ba   0x080042ba   0x00000002   PAD
    0x080042bc   0x080042bc   0x0000015c   Code   RO         3571    i.xQueueGenericReceive  queue.o
    0x08004418   0x08004418   0x00000080   Code   RO         3572    i.xQueueGenericReset  queue.o
    0x08004498   0x08004498   0x00000118   Code   RO         3573    i.xQueueGenericSend  queue.o
    0x080045b0   0x080045b0   0x0000005c   Code   RO         3753    i.xTaskCheckForTimeOut  tasks.o
    0x0800460c   0x0800460c   0x00000060   Code   RO         3754    i.xTaskCreate       tasks.o
    0x0800466c   0x0800466c   0x00000020   Code   RO         3758    i.xTaskGetSchedulerState  tasks.o
    0x0800468c   0x0800468c   0x0000000c   Code   RO         3759    i.xTaskGetTickCount  tasks.o
    0x08004698   0x08004698   0x0000011c   Code   RO         3761    i.xTaskIncrementTick  tasks.o
    0x080047b4   0x080047b4   0x00000084   Code   RO         3764    i.xTaskPriorityDisinherit  tasks.o
    0x08004838   0x08004838   0x00000084   Code   RO         3765    i.xTaskRemoveFromEventList  tasks.o
    0x080048bc   0x080048bc   0x000000e8   Code   RO         3767    i.xTaskResumeAll    tasks.o
    0x080049a4   0x080049a4   0x00000010   Data   RO         4444    .constdata          keypad.o
    0x080049b4   0x080049b4   0x00006824   Data   RO         4470    .constdata          lcd_fonts.o
    0x0800b1d8   0x0800b1d8   0x00007080   Data   RO         4900    .constdata          menu.o
    0x08012258   0x08012258   0x00000020   Data   RO         5384    Region$$Table       anon$$obj.o


    Execution Region RW_IRAM1 (Exec base: 0x20000000, Load base: 0x08012278, Size: 0x00003840, Max: 0x00010000, ABSOLUTE, COMPRESSED[0x00000084])

    Exec Addr    Load Addr    Size         Type   Attr      Idx    E Section Name        Object

    0x20000000   COMPRESSED   0x00000014   Data   RW           28    .data               system_stm32f10x.o
    0x20000014   COMPRESSED   0x00000014   Data   RW         1805    .data               stm32f10x_rcc.o
    0x20000028   COMPRESSED   0x00000018   Data   RW         3294    .data               heap_4.o
    0x20000040   COMPRESSED   0x00000010   Data   RW         3354    .data               port.o
    0x20000050   COMPRESSED   0x0000003c   Data   RW         3770    .data               tasks.o
    0x2000008c   COMPRESSED   0x00000008   Data   RW         4445    .data               keypad.o
    0x20000094   COMPRESSED   0x00000078   Data   RW         4471    .data               lcd_fonts.o
    0x2000010c   COMPRESSED   0x00000008   Data   RW         4532    .data               lcd_spi_154.o
    0x20000114   COMPRESSED   0x00000029   Data   RW         4931    .data               tasks_1.o
    0x2000013d   COMPRESSED   0x00000003   PAD
    0x20000140   COMPRESSED   0x00000004   Data   RW         4985    .data               main.o
    0x20000144   COMPRESSED   0x00000004   Data   RW         5356    .data               mc_w.l(stdout.o)
    0x20000148        -       0x00002800   Zero   RW         3293    .bss                heap_4.o
    0x20002948        -       0x000002e4   Zero   RW         3769    .bss                tasks.o
    0x20002c2c        -       0x00000810   Zero   RW         4531    .bss                lcd_spi_154.o
    0x2000343c   COMPRESSED   0x00000004   PAD
    0x20003440        -       0x00000400   Zero   RW            1    STACK               startup_stm32f10x_hd.o


==============================================================================

Image component sizes


      Code (inc. data)   RO Data    RW Data    ZI Data      Debug   Object Name

         0          0          0          0          0       4508   core_cm3.o
        40          0          0          0          0      10730   delay.o
       428        104          0          0          0       1231   display.o
       296          0          0          0          0       5057   ds3231.o
         0          0          0          0          0       7772   event_groups.o
       508         62          0         24      10240       4995   heap_4.o
       360         20         16          8          0       1753   keypad.o
         0          0      26660        120          0       1819   lcd_fonts.o
      2598        182          0          8       2064      12792   lcd_spi_154.o
       148          0          0          0          0       2846   list.o
       308        118          0          4          0        702   main.o
       128         18      28800          0          0       1080   menu.o
       132         22          0          0          0     206011   misc.o
       674         18          0          0          0       7332   mpu6050.o
       330         22          0          0          0       4578   myi2c.o
       804         72          0         16          0       9857   port.o
      1264         16          0          0          0      12206   queue.o
        36          8        304          0       1024        788   startup_stm32f10x_hd.o
         0          0          0          0          0       1632   stm32f10x_adc.o
       458          6          0          0          0      12918   stm32f10x_gpio.o
        36          0          0          0          0       2767   stm32f10x_it.o
       276         32          0         20          0      12806   stm32f10x_rcc.o
        84          0          0          0          0       8785   stm32f10x_spi.o
       348          6          0          0          0      10453   stm32f10x_usart.o
       328         28          0         20          0      31821   system_stm32f10x.o
        10          0          0          0          0        793   systick.o
      3218        508          0         60        740      30652   tasks.o
      1336        430          0         41          0       6079   tasks_1.o
       218         12          0          0          0       1503   usart.o

    ----------------------------------------------------------------------
     14386       1684      55812        324      14072     416266   Object Totals
         0          0         32          0          0          0   (incl. Generated)
        20          0          0          3          4          0   (incl. Padding)

    ----------------------------------------------------------------------

      Code (inc. data)   RO Data    RW Data    ZI Data      Debug   Library Member Name

        86          0          0          0          0          0   __dczerorl2.o
         0          0          0          0          0          0   entry.o
         0          0          0          0          0          0   entry10a.o
         0          0          0          0          0          0   entry11a.o
         8          4          0          0          0          0   entry2.o
         4          0          0          0          0          0   entry5.o
         0          0          0          0          0          0   entry7b.o
         0          0          0          0          0          0   entry8b.o
         8          4          0          0          0          0   entry9a.o
        30          0          0          0          0          0   handlers.o
        36          8          0          0          0         68   init.o
         0          0          0          0          0          0   iusefp.o
        30          0          0          0          0         68   llshl.o
        36          0          0          0          0         68   llsshr.o
        32          0          0          0          0         68   llushr.o
        36          0          0          0          0         68   memcpya.o
        36          0          0          0          0        108   memseta.o
      2328         94          0          0          0        604   printfa.o
         0          0          0          4          0          0   stdout.o
        18          0          0          0          0         68   strcpy.o
        44          0          0          0          0         80   uidiv.o
        98          0          0          0          0         92   uldiv.o
        48          0          0          0          0         68   cdrcmple.o
        20          0          0          0          0         68   cfcmple.o
       334          0          0          0          0        148   dadd.o
       222          0          0          0          0        100   ddiv.o
       186          0          0          0          0        176   depilogue.o
        48          0          0          0          0         68   dfixul.o
       228          0          0          0          0         96   dmul.o
       124          0          0          0          0         88   fdiv.o
       110          0          0          0          0        168   fepilogue.o
        10          0          0          0          0         68   ffltui.o

    ----------------------------------------------------------------------
      4162        110          0          4          0       2340   Library Totals
         2          0          0          0          0          0   (incl. Padding)

    ----------------------------------------------------------------------

      Code (inc. data)   RO Data    RW Data    ZI Data      Debug   Library Name

      2830        110          0          4          0       1292   mc_w.l
      1330          0          0          0          0       1048   mf_w.l

    ----------------------------------------------------------------------
      4162        110          0          4          0       2340   Library Totals

    ----------------------------------------------------------------------

==============================================================================


      Code (inc. data)   RO Data    RW Data    ZI Data      Debug   

     18548       1794      55812        328      14072     409478   Grand Totals
     18548       1794      55812        132      14072     409478   ELF Image Totals (compressed)
     18548       1794      55812        132          0          0   ROM Totals

==============================================================================

    Total RO  Size (Code + RO Data)                74360 (  72.62kB)
    Total RW  Size (RW Data + ZI Data)             14400 (  14.06kB)
    Total ROM Size (Code + RO Data + RW Data)      74492 (  72.75kB)

==============================================================================

